Archive member included to satisfy reference by file (symbol)

../../../Middlewares/ST/STemWin/Lib\STemWin_CM7_OS_wc32_ot_ARGB.a(GUIAA_Char4.o)
                              Application\User\STemWin\App\ALPHA_Bargraph.o (GUIPROP_AA4_DispChar)
../../../Middlewares/ST/STemWin/Lib\STemWin_CM7_OS_wc32_ot_ARGB.a(GUIAA_Char4Ext.o)
                              Application\User\STemWin\App\AA_Text.o (GUIPROP_AA4_EXT_DispChar)
../../../Middlewares/ST/STemWin/Lib\STemWin_CM7_OS_wc32_ot_ARGB.a(GUIAA_Circle.o)
                              Application\User\STemWin\App\AA_Text.o (GUI_AA_FillCircle)
../../../Middlewares/ST/STemWin/Lib\STemWin_CM7_OS_wc32_ot_ARGB.a(GUIAA_DrawRoundedRect.o)
                              Application\User\STemWin\App\J01_2D.o (GUI_AA_DrawRoundedRect)
../../../Middlewares/ST/STemWin/Lib\STemWin_CM7_OS_wc32_ot_ARGB.a(GUIAA_FillRoundedRect.o)
                              Application\User\STemWin\App\J01_2D.o (GUI_AA_FillRoundedRect)
../../../Middlewares/ST/STemWin/Lib\STemWin_CM7_OS_wc32_ot_ARGB.a(GUIAA_Lib.o)
                              ../../../Middlewares/ST/STemWin/Lib\STemWin_CM7_OS_wc32_ot_ARGB.a(GUIAA_Circle.o) (GUI_AA_Init_HiRes)
../../../Middlewares/ST/STemWin/Lib\STemWin_CM7_OS_wc32_ot_ARGB.a(GUIAA_Line.o)
                              Application\User\STemWin\App\AA_Lines.o (GUI_AA_DrawLine)
../../../Middlewares/ST/STemWin/Lib\STemWin_CM7_OS_wc32_ot_ARGB.a(GUICC_1616I.o)
                              Application\User\STemWin\Target\STemwin_wrapper.o (LCD_API_ColorConv_1616I)
../../../Middlewares/ST/STemWin/Lib\STemWin_CM7_OS_wc32_ot_ARGB.a(GUICC_822216.o)
                              Application\User\STemWin\Target\STemwin_wrapper.o (LCD_API_ColorConv_822216)
../../../Middlewares/ST/STemWin/Lib\STemWin_CM7_OS_wc32_ot_ARGB.a(GUICC_84444.o)
                              Application\User\STemWin\Target\STemwin_wrapper.o (LCD_API_ColorConv_84444)
../../../Middlewares/ST/STemWin/Lib\STemWin_CM7_OS_wc32_ot_ARGB.a(GUICC_8666.o)
                              Application\User\STemWin\Target\STemwin_wrapper.o (LCD_API_ColorConv_8666)
../../../Middlewares/ST/STemWin/Lib\STemWin_CM7_OS_wc32_ot_ARGB.a(GUICC_8666_1.o)
                              Application\User\STemWin\Target\STemwin_wrapper.o (LCD_API_ColorConv_8666_1)
../../../Middlewares/ST/STemWin/Lib\STemWin_CM7_OS_wc32_ot_ARGB.a(GUICC_88666I.o)
                              Application\User\STemWin\Target\STemwin_wrapper.o (LCD_API_ColorConv_88666I)
../../../Middlewares/ST/STemWin/Lib\STemWin_CM7_OS_wc32_ot_ARGB.a(GUICC_M1555I.o)
                              Application\User\STemWin\Target\STemwin_wrapper.o (GUICC_M1555I_SetCustColorConv)
../../../Middlewares/ST/STemWin/Lib\STemWin_CM7_OS_wc32_ot_ARGB.a(GUICC_M4444I.o)
                              Application\User\STemWin\Target\STemwin_wrapper.o (GUICC_M4444I_SetCustColorConv)
../../../Middlewares/ST/STemWin/Lib\STemWin_CM7_OS_wc32_ot_ARGB.a(GUICC_M8888I.o)
                              Application\User\STemWin\Target\STemwin_wrapper.o (GUICC_M8888I_SetCustColorConv)
../../../Middlewares/ST/STemWin/Lib\STemWin_CM7_OS_wc32_ot_ARGB.a(GUICC_565.o)
                              Application\User\STemWin\Target\STemwin_wrapper.o (LCD_API_ColorConv_565)
../../../Middlewares/ST/STemWin/Lib\STemWin_CM7_OS_wc32_ot_ARGB.a(GUICC_888.o)
                              Application\User\STemWin\Target\STemwin_wrapper.o (LCD_API_ColorConv_888)
../../../Middlewares/ST/STemWin/Lib\STemWin_CM7_OS_wc32_ot_ARGB.a(GUICC_8888.o)
                              Application\User\STemWin\Target\STemwin_wrapper.o (LCD_API_ColorConv_8888)
../../../Middlewares/ST/STemWin/Lib\STemWin_CM7_OS_wc32_ot_ARGB.a(GUICC_8888_Index2Color.o)
                              ../../../Middlewares/ST/STemWin/Lib\STemWin_CM7_OS_wc32_ot_ARGB.a(GUICC_8888.o) (LCD_Index2Color_8888)
../../../Middlewares/ST/STemWin/Lib\STemWin_CM7_OS_wc32_ot_ARGB.a(GUICC_888_Index2Color.o)
                              ../../../Middlewares/ST/STemWin/Lib\STemWin_CM7_OS_wc32_ot_ARGB.a(GUICC_888.o) (LCD_Index2Color_888)
../../../Middlewares/ST/STemWin/Lib\STemWin_CM7_OS_wc32_ot_ARGB.a(GUICC_M565.o)
                              Application\User\STemWin\Target\STemwin_wrapper.o (GUICC_M565_SetCustColorConv)
../../../Middlewares/ST/STemWin/Lib\STemWin_CM7_OS_wc32_ot_ARGB.a(GUICC_M888.o)
                              Application\User\STemWin\Target\STemwin_wrapper.o (GUICC_M888_SetCustColorConv)
../../../Middlewares/ST/STemWin/Lib\STemWin_CM7_OS_wc32_ot_ARGB.a(GUICC_M8888.o)
                              Application\User\STemWin\Target\STemwin_wrapper.o (LCD_API_ColorConv_M8888)
../../../Middlewares/ST/STemWin/Lib\STemWin_CM7_OS_wc32_ot_ARGB.a(GUICC_M8888I_Index2Color.o)
                              ../../../Middlewares/ST/STemWin/Lib\STemWin_CM7_OS_wc32_ot_ARGB.a(GUICC_M8888I.o) (LCD_Index2Color_M8888I)
../../../Middlewares/ST/STemWin/Lib\STemWin_CM7_OS_wc32_ot_ARGB.a(GUICC_M888_Index2Color.o)
[...]
Memory Configuration

Name             Origin             Length             Attributes
RAM              0x20000000         0x00050000         xrw
FLASH            0x08000000         0x00100000         xr
*default*        0x00000000         0xffffffff

Linker script and memory map

LOAD c:/program files (x86)/atollic/truestudio for stm32 9.2.0/armtools/bin/../lib/gcc/arm-atollic-eabi/6.3.1/armv7e-m/fpu/fpv5-sp-d16/crti.o
LOAD c:/program files (x86)/atollic/truestudio for stm32 9.2.0/armtools/bin/../lib/gcc/arm-atollic-eabi/6.3.1/armv7e-m/fpu/fpv5-sp-d16/crtbegin.o
LOAD Application\TrueSTUDIO\startup_stm32f746xx.o
LOAD Application\TrueSTUDIO\syscalls.o
LOAD Application\User\Core\adc.o
LOAD Application\User\Core\crc.o
LOAD Application\User\Core\dcmi.o
LOAD Application\User\Core\dmc_convert.o
LOAD Application\User\Core\dmc_print.o
LOAD Application\User\Core\dmc_prng.o
LOAD Application\User\Core\eth.o
LOAD Application\User\Core\freertos.o
LOAD Application\User\Core\gfxsimulator.o
LOAD Application\User\Core\gpio.o
LOAD Application\User\Core\i2c.o
LOAD Application\User\Core\main.o
LOAD Application\User\Core\quadspi.o
LOAD Application\User\Core\rng.o
LOAD Application\User\Core\rtc.o
LOAD Application\User\Core\sai.o
LOAD Application\User\Core\sdmmc.o
LOAD Application\User\Core\spdifrx.o
LOAD Application\User\Core\spi.o
LOAD Application\User\Core\stm32f7xx_hal_msp.o
LOAD Application\User\Core\stm32f7xx_hal_timebase_tim.o
LOAD Application\User\Core\stm32f7xx_it.o
LOAD Application\User\Core\tim.o
LOAD Application\User\Core\touch.o
LOAD Application\User\Core\usart.o
LOAD Application\User\FATFS\App\fatfs.o
LOAD Application\User\FATFS\Target\bsp_driver_sd.o
LOAD Application\User\FATFS\Target\fatfs_platform.o
LOAD Application\User\FATFS\Target\sd_diskio.o
LOAD Application\User\STemWin\App\AA_Lines.o
LOAD Application\User\STemWin\App\AA_Text.o
LOAD Application\User\STemWin\App\ALPHA_Bargraph.o
LOAD Application\User\STemWin\App\FramewinDLG.o
LOAD Application\User\STemWin\App\GUI_App.o
LOAD Application\User\STemWin\App\J01_2D.o
LOAD Application\User\STemWin\App\J01_Text.o
LOAD Application\User\STemWin\Target\GUIConf.o
LOAD Application\User\STemWin\Target\HW_Init.o
LOAD Application\User\STemWin\Target\STemwin_wrapper.o
LOAD Application\User\USB_HOST\App\usb_host.o
LOAD Application\User\USB_HOST\Target\usbh_conf.o
LOAD Application\User\USB_HOST\Target\usbh_platform.o
LOAD Drivers\BSP\Components\ft5336\ft5336.o
LOAD Drivers\BSP\STM32746G-Discovery\stm32746g_discovery.o
LOAD Drivers\BSP\STM32746G-Discovery\stm32746g_discovery_ts.o
LOAD Drivers\CMSIS\system_stm32f7xx.o
LOAD Drivers\STM32F7xx_HAL_Driver\stm32f7xx_hal.o
LOAD Drivers\STM32F7xx_HAL_Driver\stm32f7xx_hal_adc.o
LOAD Drivers\STM32F7xx_HAL_Driver\stm32f7xx_hal_adc_ex.o
LOAD Drivers\STM32F7xx_HAL_Driver\stm32f7xx_hal_cortex.o
LOAD Drivers\STM32F7xx_HAL_Driver\stm32f7xx_hal_crc.o
LOAD Drivers\STM32F7xx_HAL_Driver\stm32f7xx_hal_crc_ex.o
LOAD Drivers\STM32F7xx_HAL_Driver\stm32f7xx_hal_dcmi.o
LOAD Drivers\STM32F7xx_HAL_Driver\stm32f7xx_hal_dcmi_ex.o
LOAD Drivers\STM32F7xx_HAL_Driver\stm32f7xx_hal_dma.o
LOAD Drivers\STM32F7xx_HAL_Driver\stm32f7xx_hal_dma2d.o
LOAD Drivers\STM32F7xx_HAL_Driver\stm32f7xx_hal_dma_ex.o
LOAD Drivers\STM32F7xx_HAL_Driver\stm32f7xx_hal_dsi.o
LOAD Drivers\STM32F7xx_HAL_Driver\stm32f7xx_hal_eth.o
LOAD Drivers\STM32F7xx_HAL_Driver\stm32f7xx_hal_exti.o
LOAD Drivers\STM32F7xx_HAL_Driver\stm32f7xx_hal_flash.o
LOAD Drivers\STM32F7xx_HAL_Driver\stm32f7xx_hal_flash_ex.o
LOAD Drivers\STM32F7xx_HAL_Driver\stm32f7xx_hal_gpio.o
LOAD Drivers\STM32F7xx_HAL_Driver\stm32f7xx_hal_hcd.o
LOAD Drivers\STM32F7xx_HAL_Driver\stm32f7xx_hal_i2c.o
LOAD Drivers\STM32F7xx_HAL_Driver\stm32f7xx_hal_i2c_ex.o
LOAD Drivers\STM32F7xx_HAL_Driver\stm32f7xx_hal_ltdc.o
LOAD Drivers\STM32F7xx_HAL_Driver\stm32f7xx_hal_ltdc_ex.o
LOAD Drivers\STM32F7xx_HAL_Driver\stm32f7xx_hal_pwr.o
LOAD Drivers\STM32F7xx_HAL_Driver\stm32f7xx_hal_pwr_ex.o
LOAD Drivers\STM32F7xx_HAL_Driver\stm32f7xx_hal_qspi.o
LOAD Drivers\STM32F7xx_HAL_Driver\stm32f7xx_hal_rcc.o
LOAD Drivers\STM32F7xx_HAL_Driver\stm32f7xx_hal_rcc_ex.o
LOAD Drivers\STM32F7xx_HAL_Driver\stm32f7xx_hal_rng.o
LOAD Drivers\STM32F7xx_HAL_Driver\stm32f7xx_hal_rtc.o
LOAD Drivers\STM32F7xx_HAL_Driver\stm32f7xx_hal_rtc_ex.o
LOAD Drivers\STM32F7xx_HAL_Driver\stm32f7xx_hal_sai.o
LOAD Drivers\STM32F7xx_HAL_Driver\stm32f7xx_hal_sai_ex.o
LOAD Drivers\STM32F7xx_HAL_Driver\stm32f7xx_hal_sd.o
LOAD Drivers\STM32F7xx_HAL_Driver\stm32f7xx_hal_sdram.o
LOAD Drivers\STM32F7xx_HAL_Driver\stm32f7xx_hal_spdifrx.o
LOAD Drivers\STM32F7xx_HAL_Driver\stm32f7xx_hal_spi.o
LOAD Drivers\STM32F7xx_HAL_Driver\stm32f7xx_hal_spi_ex.o
LOAD Drivers\STM32F7xx_HAL_Driver\stm32f7xx_hal_tim.o
LOAD Drivers\STM32F7xx_HAL_Driver\stm32f7xx_hal_tim_ex.o
LOAD Drivers\STM32F7xx_HAL_Driver\stm32f7xx_hal_uart.o
LOAD Drivers\STM32F7xx_HAL_Driver\stm32f7xx_ll_fmc.o
LOAD Drivers\STM32F7xx_HAL_Driver\stm32f7xx_ll_sdmmc.o
LOAD Drivers\STM32F7xx_HAL_Driver\stm32f7xx_ll_usb.o
LOAD Middlewares\FatFs\diskio.o
LOAD Middlewares\FatFs\ff.o
LOAD Middlewares\FatFs\ff_gen_drv.o
LOAD Middlewares\FatFs\syscall.o
LOAD Middlewares\FreeRTOS\cmsis_os.o
LOAD Middlewares\FreeRTOS\croutine.o
LOAD Middlewares\FreeRTOS\event_groups.o
LOAD Middlewares\FreeRTOS\heap_4.o
LOAD Middlewares\FreeRTOS\list.o
LOAD Middlewares\FreeRTOS\port.o
LOAD Middlewares\FreeRTOS\queue.o
LOAD Middlewares\FreeRTOS\stream_buffer.o
LOAD Middlewares\FreeRTOS\tasks.o
LOAD Middlewares\FreeRTOS\timers.o
LOAD Middlewares\STemWin\GUI_X_OS.o
LOAD Middlewares\USB_Host_Library\usbh_cdc.o
LOAD Middlewares\USB_Host_Library\usbh_core.o
LOAD Middlewares\USB_Host_Library\usbh_ctlreq.o
LOAD Middlewares\USB_Host_Library\usbh_ioreq.o
LOAD Middlewares\USB_Host_Library\usbh_pipes.o
LOAD ../../../Middlewares/ST/STemWin/Lib\STemWin_CM7_OS_wc32_ot_ARGB.a
                0x00000080                malloc_getpagesize_P = 0x80
START GROUP
LOAD c:/program files (x86)/atollic/truestudio for stm32 9.2.0/armtools/bin/../lib/gcc/arm-atollic-eabi/6.3.1/../../../../arm-atollic-eabi/lib/armv7e-m/fpu/fpv5-sp-d16\libc_nano.a
LOAD c:/program files (x86)/atollic/truestudio for stm32 9.2.0/armtools/bin/../lib/gcc/arm-atollic-eabi/6.3.1/../../../../arm-atollic-eabi/lib/armv7e-m/fpu/fpv5-sp-d16\libm.a
END GROUP
START GROUP
LOAD c:/program files (x86)/atollic/truestudio for stm32 9.2.0/armtools/bin/../lib/gcc/arm-atollic-eabi/6.3.1/armv7e-m/fpu/fpv5-sp-d16\libgcc.a
LOAD c:/program files (x86)/atollic/truestudio for stm32 9.2.0/armtools/bin/../lib/gcc/arm-atollic-eabi/6.3.1/../../../../arm-atollic-eabi/lib/armv7e-m/fpu/fpv5-sp-d16\libc_nano.a
END GROUP
START GROUP
LOAD c:/program files (x86)/atollic/truestudio for stm32 9.2.0/armtools/bin/../lib/gcc/arm-atollic-eabi/6.3.1/armv7e-m/fpu/fpv5-sp-d16\libgcc.a
LOAD c:/program files (x86)/atollic/truestudio for stm32 9.2.0/armtools/bin/../lib/gcc/arm-atollic-eabi/6.3.1/../../../../arm-atollic-eabi/lib/armv7e-m/fpu/fpv5-sp-d16\libc_nano.a
LOAD c:/program files (x86)/atollic/truestudio for stm32 9.2.0/armtools/bin/../lib/gcc/arm-atollic-eabi/6.3.1/../../../../arm-atollic-eabi/lib/armv7e-m/fpu/fpv5-sp-d16\libnosys.a
END GROUP
START GROUP
LOAD c:/program files (x86)/atollic/truestudio for stm32 9.2.0/armtools/bin/../lib/gcc/arm-atollic-eabi/6.3.1/armv7e-m/fpu/fpv5-sp-d16\libgcc.a
LOAD c:/program files (x86)/atollic/truestudio for stm32 9.2.0/armtools/bin/../lib/gcc/arm-atollic-eabi/6.3.1/../../../../arm-atollic-eabi/lib/armv7e-m/fpu/fpv5-sp-d16\libc_nano.a
LOAD c:/program files (x86)/atollic/truestudio for stm32 9.2.0/armtools/bin/../lib/gcc/arm-atollic-eabi/6.3.1/../../../../arm-atollic-eabi/lib/armv7e-m/fpu/fpv5-sp-d16\libnosys.a
END GROUP
LOAD c:/program files (x86)/atollic/truestudio for stm32 9.2.0/armtools/bin/../lib/gcc/arm-atollic-eabi/6.3.1/armv7e-m/fpu/fpv5-sp-d16/crtend.o
LOAD c:/program files (x86)/atollic/truestudio for stm32 9.2.0/armtools/bin/../lib/gcc/arm-atollic-eabi/6.3.1/armv7e-m/fpu/fpv5-sp-d16/crtn.o
                0x20050000                _estack = 0x20050000
                0x00002000                _Min_Heap_Size = 0x2000
                0x00004000                _Min_Stack_Size = 0x4000

.isr_vector     0x08000000      0x1c8
                0x08000000                . = ALIGN (0x4)
 *(.isr_vector)
 .isr_vector    0x08000000      0x1c8 Application\TrueSTUDIO\startup_stm32f746xx.o
                0x08000000                g_pfnVectors
                0x080001c8                . = ALIGN (0x4)

.text           0x080001d0    0x26ec8
                0x080001d0                . = ALIGN (0x4)
 *(.text)
 .text          0x080001d0       0x40 c:/program files (x86)/atollic/truestudio for stm32 9.2.0/armtools/bin/../lib/gcc/arm-atollic-eabi/6.3.1/armv7e-m/fpu/fpv5-sp-d16/crtbegin.o
 .text          0x08000210       0x10 c:/program files (x86)/atollic/truestudio for stm32 9.2.0/armtools/bin/../lib/gcc/arm-atollic-eabi/6.3.1/../../../../arm-atollic-eabi/lib/armv7e-m/fpu/fpv5-sp-d16\libc_nano.a(lib_a-strlen.o)
                0x08000210                strlen
 .text          0x08000220      0x370 c:/program files (x86)/atollic/truestudio for stm32 9.2.0/armtools/bin/../lib/gcc/arm-atollic-eabi/6.3.1/armv7e-m/fpu/fpv5-sp-d16\libgcc.a(_arm_addsubdf3.o)
                0x08000220                __aeabi_drsub
                0x08000228                __aeabi_dsub
                0x08000228                __subdf3
                0x0800022c                __aeabi_dadd
                0x0800022c                __adddf3
                0x080004a4                __floatunsidf
                0x080004a4                __aeabi_ui2d
                0x080004c4                __floatsidf
                0x080004c4                __aeabi_i2d
                0x080004e8                __aeabi_f2d
                0x080004e8                __extendsfdf2
                0x08000524                __floatundidf
                0x08000524                __aeabi_ul2d
                0x08000534                __floatdidf
                0x08000534                __aeabi_l2d
 .text          0x08000590      0x424 c:/program files (x86)/atollic/truestudio for stm32 9.2.0/armtools/bin/../lib/gcc/arm-atollic-eabi/6.3.1/armv7e-m/fpu/fpv5-sp-d16\libgcc.a(_arm_muldivdf3.o)
                0x08000590                __aeabi_dmul
                0x08000590                __muldf3
                0x080007e4                __divdf3
                0x080007e4                __aeabi_ddiv
 .text          0x080009b4      0x110 c:/program files (x86)/atollic/truestudio for stm32 9.2.0/armtools/bin/../lib/gcc/arm-atollic-eabi/6.3.1/armv7e-m/fpu/fpv5-sp-d16\libgcc.a(_arm_cmpdf2.o)
                0x080009b4                __gtdf2
                0x080009b4                __gedf2
                0x080009bc                __ltdf2
                0x080009bc                __ledf2
                0x080009c4                __nedf2
                0x080009c4                __eqdf2
                0x080009c4                __cmpdf2
                0x08000a40                __aeabi_cdrcmple
                0x08000a50                __aeabi_cdcmpeq
                0x08000a50                __aeabi_cdcmple
                0x08000a60                __aeabi_dcmpeq
                0x08000a74                __aeabi_dcmplt
                0x08000a88                __aeabi_dcmple
                0x08000a9c                __aeabi_dcmpge
                0x08000ab0                __aeabi_dcmpgt
 .text          0x08000ac4       0x2c c:/program files (x86)/atollic/truestudio for stm32 9.2.0/armtools/bin/../lib/gcc/arm-atollic-eabi/6.3.1/armv7e-m/fpu/fpv5-sp-d16\libgcc.a(_arm_unorddf2.o)
                0x08000ac4                __unorddf2
                0x08000ac4                __aeabi_dcmpun
 .text          0x08000af0       0x50 c:/program files (x86)/atollic/truestudio for stm32 9.2.0/armtools/bin/../lib/gcc/arm-atollic-eabi/6.3.1/armv7e-m/fpu/fpv5-sp-d16\libgcc.a(_arm_fixdfsi.o)
                0x08000af0                __aeabi_d2iz
                0x08000af0                __fixdfsi
 .text          0x08000b40       0xa0 c:/program files (x86)/atollic/truestudio for stm32 9.2.0/armtools/bin/../lib/gcc/arm-atollic-eabi/6.3.1/armv7e-m/fpu/fpv5-sp-d16\libgcc.a(_arm_truncdfsf2.o)
                0x08000b40                __truncdfsf2
                0x08000b40                __aeabi_d2f
 .text          0x08000be0       0xa0 c:/program files (x86)/atollic/truestudio for stm32 9.2.0/armtools/bin/../lib/gcc/arm-atollic-eabi/6.3.1/armv7e-m/fpu/fpv5-sp-d16\libgcc.a(_aeabi_ldivmod.o)
                0x08000be0                __aeabi_ldivmod
 .text          0x08000c80       0x30 c:/program files (x86)/atollic/truestudio for stm32 9.2.0/armtools/bin/../lib/gcc/arm-atollic-eabi/6.3.1/armv7e-m/fpu/fpv5-sp-d16\libgcc.a(_aeabi_uldivmod.o)
                0x08000c80                __aeabi_uldivmod
 .text          0x08000cb0      0x2dc c:/program files (x86)/atollic/truestudio for stm32 9.2.0/armtools/bin/../lib/gcc/arm-atollic-eabi/6.3.1/armv7e-m/fpu/fpv5-sp-d16\libgcc.a(_udivmoddi4.o)
                0x08000cb0                __udivmoddi4
 .text          0x08000f8c        0x4 c:/program files (x86)/atollic/truestudio for stm32 9.2.0/armtools/bin/../lib/gcc/arm-atollic-eabi/6.3.1/armv7e-m/fpu/fpv5-sp-d16\libgcc.a(_dvmd_tls.o)
                0x08000f8c                __aeabi_idiv0
                0x08000f8c                __aeabi_ldiv0
 *(.text*)
 .text.Reset_Handler
                0x08000f90       0x50 Application\TrueSTUDIO\startup_stm32f746xx.o
                0x08000f90                Reset_Handler
 .text.Default_Handler
                0x08000fe0        0x2 Application\TrueSTUDIO\startup_stm32f746xx.o
                0x08000fe0                RTC_Alarm_IRQHandler
                0x08000fe0                EXTI2_IRQHandler
                0x08000fe0                TIM8_CC_IRQHandler
                0x08000fe0                UART8_IRQHandler
                0x08000fe0                SPI4_IRQHandler
                0x08000fe0                TIM1_CC_IRQHandler
                0x08000fe0                DMA2_Stream5_IRQHandler
                0x08000fe0                DMA1_Stream5_IRQHandler
                0x08000fe0                PVD_IRQHandler
                0x08000fe0                TAMP_STAMP_IRQHandler
                0x08000fe0                CAN2_RX1_IRQHandler
                0x08000fe0                EXTI3_IRQHandler
                0x08000fe0                TIM8_TRG_COM_TIM14_IRQHandler
                0x08000fe0                TIM1_UP_TIM10_IRQHandler
                0x08000fe0                TIM8_UP_TIM13_IRQHandler
                0x08000fe0                I2C3_ER_IRQHandler
                0x08000fe0                EXTI0_IRQHandler
                0x08000fe0                I2C2_EV_IRQHandler
                0x08000fe0                DMA1_Stream2_IRQHandler
                0x08000fe0                CAN1_RX0_IRQHandler
                0x08000fe0                FPU_IRQHandler
                0x08000fe0                OTG_HS_WKUP_IRQHandler
                0x08000fe0                LTDC_ER_IRQHandler
                0x08000fe0                CAN2_SCE_IRQHandler
                0x08000fe0                DMA2_Stream2_IRQHandler
                0x08000fe0                SPI1_IRQHandler
                0x08000fe0                TIM1_BRK_TIM9_IRQHandler
                0x08000fe0                DCMI_IRQHandler
                0x08000fe0                CAN2_RX0_IRQHandler
                0x08000fe0                DMA2_Stream3_IRQHandler
                0x08000fe0                SAI2_IRQHandler
                0x08000fe0                USART6_IRQHandler
                0x08000fe0                USART3_IRQHandler
                0x08000fe0                CAN1_RX1_IRQHandler
                0x08000fe0                UART5_IRQHandler
                0x08000fe0                DMA2_Stream0_IRQHandler
                0x08000fe0                TIM4_IRQHandler
                0x08000fe0                QUADSPI_IRQHandler
                0x08000fe0                I2C1_EV_IRQHandler
                0x08000fe0                DMA1_Stream6_IRQHandler
                0x08000fe0                DMA1_Stream1_IRQHandler
                0x08000fe0                UART4_IRQHandler
                0x08000fe0                RCC_IRQHandler
                0x08000fe0                TIM8_BRK_TIM12_IRQHandler
                0x08000fe0                Default_Handler
                0x08000fe0                CEC_IRQHandler
                0x08000fe0                EXTI15_10_IRQHandler
                0x08000fe0                ADC_IRQHandler
                0x08000fe0                DMA1_Stream7_IRQHandler
                0x08000fe0                SPI5_IRQHandler
                0x08000fe0                TIM7_IRQHandler
                0x08000fe0                SDMMC1_IRQHandler
                0x08000fe0                CAN2_TX_IRQHandler
                0x08000fe0                TIM5_IRQHandler
                0x08000fe0                DMA2_Stream7_IRQHandler
                0x08000fe0                I2C3_EV_IRQHandler
                0x08000fe0                EXTI9_5_IRQHandler
                0x08000fe0                RTC_WKUP_IRQHandler
                0x08000fe0                ETH_WKUP_IRQHandler
                0x08000fe0                SPDIF_RX_IRQHandler
                0x08000fe0                SPI2_IRQHandler
                0x08000fe0                OTG_HS_EP1_IN_IRQHandler
                0x08000fe0                DMA1_Stream0_IRQHandler
                0x08000fe0                CAN1_TX_IRQHandler
                0x08000fe0                EXTI4_IRQHandler
                0x08000fe0                RNG_IRQHandler
                0x08000fe0                ETH_IRQHandler
                0x08000fe0                OTG_HS_EP1_OUT_IRQHandler
                0x08000fe0                WWDG_IRQHandler
                0x08000fe0                SPI6_IRQHandler
                0x08000fe0                I2C4_EV_IRQHandler
                0x08000fe0                TIM2_IRQHandler
                0x08000fe0                OTG_FS_WKUP_IRQHandler
                0x08000fe0                TIM1_TRG_COM_TIM11_IRQHandler
                0x08000fe0                OTG_HS_IRQHandler
                0x08000fe0                EXTI1_IRQHandler
                0x08000fe0                UART7_IRQHandler
                0x08000fe0                USART2_IRQHandler
                0x08000fe0                I2C2_ER_IRQHandler
                0x08000fe0                DMA2_Stream1_IRQHandler
                0x08000fe0                CAN1_SCE_IRQHandler
                0x08000fe0                FLASH_IRQHandler
                0x08000fe0                DMA2_Stream4_IRQHandler
                0x08000fe0                USART1_IRQHandler
                0x08000fe0                SPI3_IRQHandler
                0x08000fe0                DMA1_Stream4_IRQHandler
                0x08000fe0                I2C1_ER_IRQHandler
                0x08000fe0                FMC_IRQHandler
                0x08000fe0                LPTIM1_IRQHandler
                0x08000fe0                I2C4_ER_IRQHandler
                0x08000fe0                DMA2_Stream6_IRQHandler
                0x08000fe0                SAI1_IRQHandler
                0x08000fe0                DMA1_Stream3_IRQHandler
 .text._read    0x08000fe2       0x1c Application\TrueSTUDIO\syscalls.o
                0x08000fe2                _read
 .text._write   0x08000ffe       0x1c Application\TrueSTUDIO\syscalls.o
                0x08000ffe                _write
 *fill*         0x0800101a        0x2 
 .text._sbrk    0x0800101c       0x34 Application\TrueSTUDIO\syscalls.o
                0x0800101c                _sbrk
 .text._close   0x08001050        0x6 Application\TrueSTUDIO\syscalls.o
                0x08001050                _close
 .text._fstat   0x08001056        0xa Application\TrueSTUDIO\syscalls.o
                0x08001056                _fstat
 .text._isatty  0x08001060        0x4 Application\TrueSTUDIO\syscalls.o
                0x08001060                _isatty
 .text._lseek   0x08001064        0x4 Application\TrueSTUDIO\syscalls.o
                0x08001064                _lseek
 .text.MX_ADC3_Init
                0x08001068       0x68 Application\User\Core\adc.o
                0x08001068                MX_ADC3_Init
 .text.HAL_ADC_MspInit
                0x080010d0       0x88 Application\User\Core\adc.o
                0x080010d0                HAL_ADC_MspInit
 .text.MX_CRC_Init
                0x08001158       0x30 Application\User\Core\crc.o
                0x08001158                MX_CRC_Init
 .text.HAL_CRC_MspInit
                0x08001188       0x2c Application\User\Core\crc.o
                0x08001188                HAL_CRC_MspInit
 .text.MX_DCMI_Init
                0x080011b4       0x38 Application\User\Core\dcmi.o
                0x080011b4                MX_DCMI_Init
 .text.HAL_DCMI_MspInit
                0x080011ec      0x110 Application\User\Core\dcmi.o
                0x080011ec                HAL_DCMI_MspInit
 .text.dmc_itoa
                0x080012fc       0x7c Application\User\Core\dmc_convert.o
                0x080012fc                dmc_itoa
 .text.__io_putchar
                0x08001378       0x20 Application\User\Core\dmc_print.o
                0x08001378                __io_putchar
 .text.__io_getchar
                0x08001398       0x24 Application\User\Core\dmc_print.o
                0x08001398                __io_getchar
 .text.dmc_putc
                0x080013bc        0x4 Application\User\Core\dmc_print.o
                0x080013bc                dmc_putc
 .text.dmc_putcr
                0x080013c0        0x6 Application\User\Core\dmc_print.o
                0x080013c0                dmc_putcr
 .text.dmc_puts
                0x080013c6       0x12 Application\User\Core\dmc_print.o
                0x080013c6                dmc_puts
 .text.dmc_putint
                0x080013d8       0x1a Application\User\Core\dmc_print.o
                0x080013d8                dmc_putint
 .text.dmc_puthex8
                0x080013f2       0x30 Application\User\Core\dmc_print.o
                0x080013f2                dmc_puthex8
 .text.dmc_puthex8cr
                0x08001422       0x10 Application\User\Core\dmc_print.o
                0x08001422                dmc_puthex8cr
 .text.dmc_putscr
                0x08001432       0x10 Application\User\Core\dmc_print.o
                0x08001432                dmc_putscr
 .text.dmc_putintcr
                0x08001442       0x1a Application\User\Core\dmc_print.o
                0x08001442                dmc_putintcr
 .text.rnd      0x0800145c       0x34 Application\User\Core\dmc_prng.o
                0x0800145c                rnd
 .text.StartDefaultTask
                0x08001490       0x16 Application\User\Core\freertos.o
                0x08001490                StartDefaultTask
 .text.vApplicationIdleHook
                0x080014a6        0x2 Application\User\Core\freertos.o
                0x080014a6                vApplicationIdleHook
 .text.vApplicationStackOverflowHook
                0x080014a8        0x2 Application\User\Core\freertos.o
                0x080014a8                vApplicationStackOverflowHook
 .text.vApplicationMallocFailedHook
                0x080014aa        0x2 Application\User\Core\freertos.o
                0x080014aa                vApplicationMallocFailedHook
 .text.MX_FREERTOS_Init
                0x080014ac       0x28 Application\User\Core\freertos.o
                0x080014ac                MX_FREERTOS_Init
 .text.MX_GFXSIMULATOR_Init
                0x080014d4        0x2 Application\User\Core\gfxsimulator.o
                0x080014d4                MX_GFXSIMULATOR_Init
 *fill*         0x080014d6        0x2 
 .text.MX_GPIO_Init
                0x080014d8      0x2d4 Application\User\Core\gpio.o
                0x080014d8                MX_GPIO_Init
 .text.MX_I2C1_Init
                0x080017ac       0x58 Application\User\Core\i2c.o
                0x080017ac                MX_I2C1_Init
 .text.MX_I2C3_Init
                0x08001804       0x58 Application\User\Core\i2c.o
                0x08001804                MX_I2C3_Init
 .text.HAL_I2C_MspInit
                0x0800185c       0xc0 Application\User\Core\i2c.o
                0x0800185c                HAL_I2C_MspInit
 .text.HAL_I2C_MspDeInit
                0x0800191c       0x4c Application\User\Core\i2c.o
                0x0800191c                HAL_I2C_MspDeInit
 .text.SystemClock_Config
                0x08001968       0xf4 Application\User\Core\main.o
                0x08001968                SystemClock_Config
 .text.TouchTimer_Init
                0x08001a5c       0x28 Application\User\Core\main.o
                0x08001a5c                TouchTimer_Init
 .text.PollTouchScreen2
                0x08001a84       0x60 Application\User\Core\main.o
                0x08001a84                PollTouchScreen2
 .text.startup.main
                0x08001ae4       0xb0 Application\User\Core\main.o
                0x08001ae4                main
 .text.HAL_TIM_PeriodElapsedCallback
                0x08001b94       0x14 Application\User\Core\main.o
                0x08001b94                HAL_TIM_PeriodElapsedCallback
 .text.Error_Handler
                0x08001ba8        0x2 Application\User\Core\main.o
                0x08001ba8                Error_Handler
 .text.assert_failed
                0x08001baa        0x2 Application\User\Core\main.o
                0x08001baa                assert_failed
 .text.MX_QUADSPI_Init
                0x08001bac       0x38 Application\User\Core\quadspi.o
                0x08001bac                MX_QUADSPI_Init
 .text.HAL_QSPI_MspInit
                0x08001be4       0xe0 Application\User\Core\quadspi.o
                0x08001be4                HAL_QSPI_MspInit
 .text.MX_RTC_Init
                0x08001cc4       0xe8 Application\User\Core\rtc.o
                0x08001cc4                MX_RTC_Init
 .text.HAL_RTC_MspInit
                0x08001dac       0x1c Application\User\Core\rtc.o
                0x08001dac                HAL_RTC_MspInit
 .text.MX_SAI2_Init
                0x08001dc8       0x90 Application\User\Core\sai.o
                0x08001dc8                MX_SAI2_Init
 .text.HAL_SAI_MspInit
                0x08001e58       0xa4 Application\User\Core\sai.o
                0x08001e58                HAL_SAI_MspInit
 .text.MX_SDMMC1_SD_Init
                0x08001efc       0x20 Application\User\Core\sdmmc.o
                0x08001efc                MX_SDMMC1_SD_Init
 .text.HAL_SD_MspInit
                0x08001f1c       0x98 Application\User\Core\sdmmc.o
                0x08001f1c                HAL_SD_MspInit
 .text.MX_SPDIFRX_Init
                0x08001fb4       0x34 Application\User\Core\spdifrx.o
                0x08001fb4                MX_SPDIFRX_Init
 .text.HAL_SPDIFRX_MspInit
                0x08001fe8       0x5c Application\User\Core\spdifrx.o
                0x08001fe8                HAL_SPDIFRX_MspInit
 .text.MX_SPI2_Init
                0x08002044       0x4c Application\User\Core\spi.o
                0x08002044                MX_SPI2_Init
 .text.HAL_SPI_MspInit
                0x08002090       0x8c Application\User\Core\spi.o
                0x08002090                HAL_SPI_MspInit
 .text.HAL_MspInit
                0x0800211c       0x40 Application\User\Core\stm32f7xx_hal_msp.o
                0x0800211c                HAL_MspInit
 .text.HAL_InitTick
                0x0800215c       0x78 Application\User\Core\stm32f7xx_hal_timebase_tim.o
                0x0800215c                HAL_InitTick
 .text.NMI_Handler
                0x080021d4        0x2 Application\User\Core\stm32f7xx_it.o
                0x080021d4                NMI_Handler
 .text.HardFault_Handler
                0x080021d6        0x2 Application\User\Core\stm32f7xx_it.o
                0x080021d6                HardFault_Handler
 .text.MemManage_Handler
                0x080021d8        0x2 Application\User\Core\stm32f7xx_it.o
                0x080021d8                MemManage_Handler
 .text.BusFault_Handler
                0x080021da        0x2 Application\User\Core\stm32f7xx_it.o
                0x080021da                BusFault_Handler
 .text.UsageFault_Handler
                0x080021dc        0x2 Application\User\Core\stm32f7xx_it.o
                0x080021dc                UsageFault_Handler
 .text.DebugMon_Handler
                0x080021de        0x2 Application\User\Core\stm32f7xx_it.o
                0x080021de                DebugMon_Handler
 .text.TIM3_IRQHandler
                0x080021e0        0xc Application\User\Core\stm32f7xx_it.o
                0x080021e0                TIM3_IRQHandler
 .text.TIM6_DAC_IRQHandler
                0x080021ec        0xc Application\User\Core\stm32f7xx_it.o
                0x080021ec                TIM6_DAC_IRQHandler
 .text.OTG_FS_IRQHandler
                0x080021f8        0xc Application\User\Core\stm32f7xx_it.o
                0x080021f8                OTG_FS_IRQHandler
 .text.LTDC_IRQHandler
                0x08002204        0xc Application\User\Core\stm32f7xx_it.o
                0x08002204                LTDC_IRQHandler
 .text.DMA2D_IRQHandler
                0x08002210        0xc Application\User\Core\stm32f7xx_it.o
                0x08002210                DMA2D_IRQHandler
 .text.MX_TIM3_Init
                0x0800221c       0x64 Application\User\Core\tim.o
                0x0800221c                MX_TIM3_Init
 .text.MX_TIM8_Init
                0x08002280       0x6c Application\User\Core\tim.o
                0x08002280                MX_TIM8_Init
 .text.HAL_TIM_Base_MspInit
                0x080022ec       0xbc Application\User\Core\tim.o
                0x080022ec                HAL_TIM_Base_MspInit
 .text.HAL_TIM_PWM_MspInit
                0x080023a8       0x28 Application\User\Core\tim.o
                0x080023a8                HAL_TIM_PWM_MspInit
 .text.HAL_TIM_MspPostInit
                0x080023d0       0xdc Application\User\Core\tim.o
                0x080023d0                HAL_TIM_MspPostInit
 .text.MX_TIM1_Init
                0x080024ac       0xe0 Application\User\Core\tim.o
                0x080024ac                MX_TIM1_Init
 .text.MX_TIM2_Init
                0x0800258c       0x9c Application\User\Core\tim.o
                0x0800258c                MX_TIM2_Init
 .text.MX_TIM5_Init
                0x08002628       0x9c Application\User\Core\tim.o
                0x08002628                MX_TIM5_Init
 .text.MX_TIM12_Init
                0x080026c4       0x58 Application\User\Core\tim.o
                0x080026c4                MX_TIM12_Init
 .text.MX_USART1_UART_Init
                0x0800271c       0x3c Application\User\Core\usart.o
                0x0800271c                MX_USART1_UART_Init
 .text.MX_USART6_UART_Init
                0x08002758       0x3c Application\User\Core\usart.o
                0x08002758                MX_USART6_UART_Init
 .text.HAL_UART_MspInit
                0x08002794       0xdc Application\User\Core\usart.o
                0x08002794                HAL_UART_MspInit
 .text.MX_FATFS_Init
                0x08002870       0x1c Application\User\FATFS\App\fatfs.o
                0x08002870                MX_FATFS_Init
 .text.BSP_SD_ReadBlocks_DMA
                0x0800288c       0x1c Application\User\FATFS\Target\bsp_driver_sd.o
                0x0800288c                BSP_SD_ReadBlocks_DMA
 .text.BSP_SD_WriteBlocks_DMA
                0x080028a8       0x1c Application\User\FATFS\Target\bsp_driver_sd.o
                0x080028a8                BSP_SD_WriteBlocks_DMA
 .text.BSP_SD_GetCardState
                0x080028c4       0x14 Application\User\FATFS\Target\bsp_driver_sd.o
                0x080028c4                BSP_SD_GetCardState
 .text.BSP_SD_GetCardInfo
                0x080028d8        0xc Application\User\FATFS\Target\bsp_driver_sd.o
                0x080028d8                BSP_SD_GetCardInfo
 .text.HAL_SD_RxCpltCallback
                0x080028e4        0x8 Application\User\FATFS\Target\bsp_driver_sd.o
                0x080028e4                HAL_SD_RxCpltCallback
 .text.BSP_SD_IsDetected
                0x080028ec       0x1c Application\User\FATFS\Target\bsp_driver_sd.o
                0x080028ec                BSP_SD_IsDetected
 .text.BSP_SD_Init
                0x08002908       0x2c Application\User\FATFS\Target\bsp_driver_sd.o
                0x08002908                BSP_SD_Init
 .text.BSP_PlatformIsDetected
                0x08002934       0x18 Application\User\FATFS\Target\fatfs_platform.o
                0x08002934                BSP_PlatformIsDetected
 .text.SD_CheckStatus.isra.0
                0x0800294c       0x20 Application\User\FATFS\Target\sd_diskio.o
 .text.SD_initialize
                0x0800296c       0x4c Application\User\FATFS\Target\sd_diskio.o
                0x0800296c                SD_initialize
 .text.SD_status
                0x080029b8        0x4 Application\User\FATFS\Target\sd_diskio.o
                0x080029b8                SD_status
 .text.SD_ioctl
                0x080029bc       0x50 Application\User\FATFS\Target\sd_diskio.o
                0x080029bc                SD_ioctl
 .text.SD_CheckStatusWithTimeout.constprop.2
                0x08002a0c       0x26 Application\User\FATFS\Target\sd_diskio.o
 *fill*         0x08002a32        0x2 
 .text.SD_write
                0x08002a34       0xbc Application\User\FATFS\Target\sd_diskio.o
                0x08002a34                SD_write
 .text.SD_read  0x08002af0       0xa8 Application\User\FATFS\Target\sd_diskio.o
                0x08002af0                SD_read
 .text.BSP_SD_ReadCpltCallback
                0x08002b98       0x14 Application\User\FATFS\Target\sd_diskio.o
                0x08002b98                BSP_SD_ReadCpltCallback
 .text.PollTouchScreen
                0x08002bac       0x54 Application\User\STemWin\App\GUI_App.o
                0x08002bac                PollTouchScreen
 .text.InitNew  0x08002c00       0x3c Application\User\STemWin\App\GUI_App.o
                0x08002c00                InitNew
 .text.demos    0x08002c3c       0xba Application\User\STemWin\App\GUI_App.o
                0x08002c3c                demos
 .text.GRAPHICS_MainTask
                0x08002cf6       0xa4 Application\User\STemWin\App\GUI_App.o
                0x08002cf6                GRAPHICS_MainTask
 *fill*         0x08002d9a        0x2 
 .text.J01_DrawAlpha1
                0x08002d9c       0xb8 Application\User\STemWin\App\J01_2D.o
                0x08002d9c                J01_DrawAlpha1
 .text.J01_DrawAlpha2
                0x08002e54      0x10c Application\User\STemWin\App\J01_2D.o
                0x08002e54                J01_DrawAlpha2
 .text.J01_DrawAlpha3
                0x08002f60      0x10c Application\User\STemWin\App\J01_2D.o
                0x08002f60                J01_DrawAlpha3
 .text.J01_Shapes
                0x0800306c      0x108 Application\User\STemWin\App\J01_2D.o
                0x0800306c                J01_Shapes
 *fill*         0x08003174        0x4 
 .text.J01_Sine
                0x08003178      0x134 Application\User\STemWin\App\J01_2D.o
                0x08003178                J01_Sine
 .text.J01_BigDigits
                0x080032ac       0x34 Application\User\STemWin\App\J01_2D.o
                0x080032ac                J01_BigDigits
 .text.J01_PieChart
                0x080032e0       0x98 Application\User\STemWin\App\J01_2D.o
                0x080032e0                J01_PieChart
 .text.J01_DrawModes
                0x08003378       0xe4 Application\User\STemWin\App\J01_2D.o
                0x08003378                J01_DrawModes
 .text.J01_GetPixel
                0x0800345c       0x10 Application\User\STemWin\App\J01_2D.o
                0x0800345c                J01_GetPixel
 .text.J01_PixelIndex
                0x0800346c       0xac Application\User\STemWin\App\J01_2D.o
                0x0800346c                J01_PixelIndex
 .text.J01_TextVersionString1
                0x08003518       0x40 Application\User\STemWin\App\J01_Text.o
                0x08003518                J01_TextVersionString1
 .text.J01_TextVersionString2
                0x08003558       0xbc Application\User\STemWin\App\J01_Text.o
                0x08003558                J01_TextVersionString2
 .text.J01_TextModes
                0x08003614       0xbc Application\User\STemWin\App\J01_Text.o
                0x08003614                J01_TextModes
 .text.J01_DispFloat
                0x080036d0      0x110 Application\User\STemWin\App\J01_Text.o
                0x080036d0                J01_DispFloat
 .text.J01_TextInBox
                0x080037e0      0x130 Application\User\STemWin\App\J01_Text.o
                0x080037e0                J01_TextInBox
 .text.J01_GUI_GetClientRect
                0x08003910       0x32 Application\User\STemWin\App\J01_Text.o
                0x08003910                J01_GUI_GetClientRect
 *fill*         0x08003942        0x2 
 .text.J01_TextRotated
                0x08003944      0x168 Application\User\STemWin\App\J01_Text.o
                0x08003944                J01_TextRotated
 .text.GUI_X_Config
                0x08003aac       0x10 Application\User\STemWin\Target\GUIConf.o
                0x08003aac                GUI_X_Config
 .text.MX_LCD_Init
                0x08003abc       0xb0 Application\User\STemWin\Target\HW_Init.o
                0x08003abc                MX_LCD_Init
 .text.MX_FMC_Init
                0x08003b6c       0x60 Application\User\STemWin\Target\HW_Init.o
                0x08003b6c                MX_FMC_Init
 .text.MX_SDRAM_InitEx
                0x08003bcc       0x98 Application\User\STemWin\Target\HW_Init.o
                0x08003bcc                MX_SDRAM_InitEx
 .text.MX_DMA2D_Init
                0x08003c64       0x40 Application\User\STemWin\Target\HW_Init.o
                0x08003c64                MX_DMA2D_Init
 .text.HAL_LTDC_MspInit
                0x08003ca4      0x11c Application\User\STemWin\Target\HW_Init.o
                0x08003ca4                HAL_LTDC_MspInit
 .text.HAL_LTDC_MspDeInit
                0x08003dc0       0x6c Application\User\STemWin\Target\HW_Init.o
                0x08003dc0                HAL_LTDC_MspDeInit
 .text.HAL_SDRAM_MspInit
                0x08003e2c       0xd0 Application\User\STemWin\Target\HW_Init.o
                0x08003e2c                HAL_SDRAM_MspInit
 .text.HAL_DMA2D_MspInit
                0x08003efc       0x3c Application\User\STemWin\Target\HW_Init.o
                0x08003efc                HAL_DMA2D_MspInit
 .text.TransferComplete
                0x08003f38        0xc Application\User\STemWin\Target\STemwin_wrapper.o
 .text.GetBufferSize
                0x08003f44       0x18 Application\User\STemWin\Target\STemwin_wrapper.o
 .text._DMA_ExecOperation
                0x08003f5c       0x10 Application\User\STemWin\Target\STemwin_wrapper.o
 .text._DMA_ConvertColor
                0x08003f6c       0x48 Application\User\STemWin\Target\STemwin_wrapper.o
 .text._DMA_DrawAlphaBitmap
                0x08003fb4       0x5c Application\User\STemWin\Target\STemwin_wrapper.o
 .text._LCD_DrawMemdevAlpha
                0x08004010       0x26 Application\User\STemWin\Target\STemwin_wrapper.o
 *fill*         0x08004036        0x2 
 .text.GetPixelformat
                0x08004038       0xd0 Application\User\STemWin\Target\STemwin_wrapper.o
 .text.DMA2D_CopyBuffer
                0x08004108       0x58 Application\User\STemWin\Target\STemwin_wrapper.o
 .text.LCD_LL_CopyBuffer
                0x08004160       0x3c Application\User\STemWin\Target\STemwin_wrapper.o
 .text.LCD_LL_CopyRect
                0x0800419c       0x5c Application\User\STemWin\Target\STemwin_wrapper.o
 .text.LCD_LL_DrawBitmap16bpp
                0x080041f8       0x68 Application\User\STemWin\Target\STemwin_wrapper.o
                0x080041f8                LCD_LL_DrawBitmap16bpp
 .text.LCD_LL_DrawBitmap32bpp
                0x08004260       0xa0 Application\User\STemWin\Target\STemwin_wrapper.o
 .text._LCD_DrawBitmapAlpha
                0x08004300       0x74 Application\User\STemWin\Target\STemwin_wrapper.o
 .text.LCD_LL_DrawBitmap8bpp
                0x08004374       0x90 Application\User\STemWin\Target\STemwin_wrapper.o
 .text._DMA_Index2ColorBulk.isra.2
                0x08004404       0xd6 Application\User\STemWin\Target\STemwin_wrapper.o
 .text._Index2ColorBulk_M888_DMA2D
                0x080044da        0x6 Application\User\STemWin\Target\STemwin_wrapper.o
 .text._Index2ColorBulk_M4444I_DMA2D
                0x080044e0        0x6 Application\User\STemWin\Target\STemwin_wrapper.o
 .text._Index2ColorBulk_M565_DMA2D
                0x080044e6        0x6 Application\User\STemWin\Target\STemwin_wrapper.o
 .text._Index2ColorBulk_M1555I_DMA2D
                0x080044ec        0x6 Application\User\STemWin\Target\STemwin_wrapper.o
 *fill*         0x080044f2        0x2 
 .text._DMA_Color2IndexBulk.isra.3
                0x080044f4      0x104 Application\User\STemWin\Target\STemwin_wrapper.o
 .text._Color2IndexBulk_M888_DMA2D
                0x080045f8        0x6 Application\User\STemWin\Target\STemwin_wrapper.o
 .text._Color2IndexBulk_M4444I_DMA2D
                0x080045fe        0x6 Application\User\STemWin\Target\STemwin_wrapper.o
 .text._Color2IndexBulk_M565_DMA2D
                0x08004604        0x6 Application\User\STemWin\Target\STemwin_wrapper.o
 .text._Color2IndexBulk_M1555I_DMA2D
                0x0800460a        0x6 Application\User\STemWin\Target\STemwin_wrapper.o
 .text.LCD_LL_FillRect
                0x08004610       0xc8 Application\User\STemWin\Target\STemwin_wrapper.o
 .text._Index2ColorBulk_M8888I_DMA2D
                0x080046d8        0x6 Application\User\STemWin\Target\STemwin_wrapper.o
 .text._Color2IndexBulk_M8888I_DMA2D
                0x080046de        0x6 Application\User\STemWin\Target\STemwin_wrapper.o
 .text.DMA2D_Init
                0x080046e4       0x30 Application\User\STemWin\Target\STemwin_wrapper.o
                0x080046e4                DMA2D_Init
 .text.HAL_LTDC_LineEventCallback
                0x08004714       0x58 Application\User\STemWin\Target\STemwin_wrapper.o
                0x08004714                HAL_LTDC_LineEventCallback
 .text.LCD_X_Config
                0x0800476c      0x1a0 Application\User\STemWin\Target\STemwin_wrapper.o
                0x0800476c                LCD_X_Config
 .text.LCD_X_DisplayDriver
                0x0800490c      0x118 Application\User\STemWin\Target\STemwin_wrapper.o
                0x0800490c                LCD_X_DisplayDriver
 .text.GRAPHICS_HW_Init
                0x08004a24       0x1a Application\User\STemWin\Target\STemwin_wrapper.o
                0x08004a24                GRAPHICS_HW_Init
 .text.GRAPHICS_Init
                0x08004a3e        0x4 Application\User\STemWin\Target\STemwin_wrapper.o
                0x08004a3e                GRAPHICS_Init
 *fill*         0x08004a42        0x2 
 .text.USBH_UserProcess
                0x08004a44       0x24 Application\User\USB_HOST\App\usb_host.o
 .text.MX_USB_HOST_Init
                0x08004a68       0x40 Application\User\USB_HOST\App\usb_host.o
                0x08004a68                MX_USB_HOST_Init
 .text.HAL_HCD_MspInit
                0x08004aa8       0x80 Application\User\USB_HOST\Target\usbh_conf.o
                0x08004aa8                HAL_HCD_MspInit
 .text.HAL_HCD_SOF_Callback
                0x08004b28        0x8 Application\User\USB_HOST\Target\usbh_conf.o
                0x08004b28                HAL_HCD_SOF_Callback
 .text.HAL_HCD_Connect_Callback
                0x08004b30        0x8 Application\User\USB_HOST\Target\usbh_conf.o
                0x08004b30                HAL_HCD_Connect_Callback
 .text.HAL_HCD_Disconnect_Callback
                0x08004b38        0x8 Application\User\USB_HOST\Target\usbh_conf.o
                0x08004b38                HAL_HCD_Disconnect_Callback
 .text.HAL_HCD_HC_NotifyURBChange_Callback
                0x08004b40        0x8 Application\User\USB_HOST\Target\usbh_conf.o
                0x08004b40                HAL_HCD_HC_NotifyURBChange_Callback
 .text.HAL_HCD_PortEnabled_Callback
                0x08004b48        0x8 Application\User\USB_HOST\Target\usbh_conf.o
                0x08004b48                HAL_HCD_PortEnabled_Callback
 .text.HAL_HCD_PortDisabled_Callback
                0x08004b50        0x8 Application\User\USB_HOST\Target\usbh_conf.o
                0x08004b50                HAL_HCD_PortDisabled_Callback
 .text.USBH_LL_Init
                0x08004b58       0x50 Application\User\USB_HOST\Target\usbh_conf.o
                0x08004b58                USBH_LL_Init
 .text.USBH_LL_Start
                0x08004ba8       0x1c Application\User\USB_HOST\Target\usbh_conf.o
                0x08004ba8                USBH_LL_Start
 .text.USBH_LL_Stop
                0x08004bc4       0x1c Application\User\USB_HOST\Target\usbh_conf.o
                0x08004bc4                USBH_LL_Stop
 .text.USBH_LL_GetSpeed
                0x08004be0       0x1c Application\User\USB_HOST\Target\usbh_conf.o
                0x08004be0                USBH_LL_GetSpeed
 .text.USBH_LL_ResetPort
                0x08004bfc       0x1c Application\User\USB_HOST\Target\usbh_conf.o
                0x08004bfc                USBH_LL_ResetPort
 .text.USBH_LL_GetLastXferSize
                0x08004c18        0x8 Application\User\USB_HOST\Target\usbh_conf.o
                0x08004c18                USBH_LL_GetLastXferSize
 .text.USBH_LL_OpenPipe
                0x08004c20       0x30 Application\User\USB_HOST\Target\usbh_conf.o
                0x08004c20                USBH_LL_OpenPipe
 .text.USBH_LL_ClosePipe
                0x08004c50       0x1c Application\User\USB_HOST\Target\usbh_conf.o
                0x08004c50                USBH_LL_ClosePipe
 .text.USBH_LL_SubmitURB
                0x08004c6c       0x34 Application\User\USB_HOST\Target\usbh_conf.o
                0x08004c6c                USBH_LL_SubmitURB
 .text.USBH_LL_GetURBState
                0x08004ca0        0x8 Application\User\USB_HOST\Target\usbh_conf.o
                0x08004ca0                USBH_LL_GetURBState
 .text.USBH_LL_DriverVBUS
                0x08004ca8       0x1a Application\User\USB_HOST\Target\usbh_conf.o
                0x08004ca8                USBH_LL_DriverVBUS
 .text.USBH_LL_SetToggle
                0x08004cc2       0x1e Application\User\USB_HOST\Target\usbh_conf.o
                0x08004cc2                USBH_LL_SetToggle
 .text.USBH_Delay
                0x08004ce0        0x4 Application\User\USB_HOST\Target\usbh_conf.o
                0x08004ce0                USBH_Delay
 .text.MX_DriverVbusFS
                0x08004ce4       0x14 Application\User\USB_HOST\Target\usbh_platform.o
                0x08004ce4                MX_DriverVbusFS
 .text.ft5336_TS_ITStatus
                0x08004cf8        0x4 Drivers\BSP\Components\ft5336\ft5336.o
                0x08004cf8                ft5336_TS_ITStatus
 .text.ft5336_TS_ClearIT
                0x08004cfc        0x2 Drivers\BSP\Components\ft5336\ft5336.o
                0x08004cfc                ft5336_TS_ClearIT
 *fill*         0x08004cfe        0x2 
 .text.ft5336_ReadID
                0x08004d00       0x48 Drivers\BSP\Components\ft5336\ft5336.o
                0x08004d00                ft5336_ReadID
 .text.ft5336_TS_DetectTouch
                0x08004d48       0x44 Drivers\BSP\Components\ft5336\ft5336.o
                0x08004d48                ft5336_TS_DetectTouch
 .text.ft5336_TS_GetXY
                0x08004d8c       0xc4 Drivers\BSP\Components\ft5336\ft5336.o
                0x08004d8c                ft5336_TS_GetXY
 .text.ft5336_TS_EnableIT
                0x08004e50        0xa Drivers\BSP\Components\ft5336\ft5336.o
                0x08004e50                ft5336_TS_EnableIT
 .text.ft5336_TS_DisableIT
                0x08004e5a        0xa Drivers\BSP\Components\ft5336\ft5336.o
                0x08004e5a                ft5336_TS_DisableIT
 .text.ft5336_TS_Start
                0x08004e64        0x4 Drivers\BSP\Components\ft5336\ft5336.o
                0x08004e64                ft5336_TS_Start
 .text.ft5336_Reset
                0x08004e68        0x2 Drivers\BSP\Components\ft5336\ft5336.o
                0x08004e68                ft5336_Reset
 *fill*         0x08004e6a        0x2 
 .text.ft5336_Init
                0x08004e6c       0x1c Drivers\BSP\Components\ft5336\ft5336.o
                0x08004e6c                ft5336_Init
 .text.ft5336_TS_GetGestureID
                0x08004e88       0x20 Drivers\BSP\Components\ft5336\ft5336.o
                0x08004e88                ft5336_TS_GetGestureID
 .text.ft5336_TS_GetTouchInfo
                0x08004ea8       0x88 Drivers\BSP\Components\ft5336\ft5336.o
                0x08004ea8                ft5336_TS_GetTouchInfo
 .text.I2Cx_Init
                0x08004f30      0x154 Drivers\BSP\STM32746G-Discovery\stm32746g_discovery.o
 .text.I2Cx_ReadMultiple
                0x08005084       0x30 Drivers\BSP\STM32746G-Discovery\stm32746g_discovery.o
 .text.I2Cx_WriteMultiple
                0x080050b4       0x30 Drivers\BSP\STM32746G-Discovery\stm32746g_discovery.o
 .text.TS_IO_Init
                0x080050e4        0xc Drivers\BSP\STM32746G-Discovery\stm32746g_discovery.o
                0x080050e4                TS_IO_Init
 .text.TS_IO_Write
                0x080050f0       0x20 Drivers\BSP\STM32746G-Discovery\stm32746g_discovery.o
                0x080050f0                TS_IO_Write
 .text.TS_IO_Read
                0x08005110       0x28 Drivers\BSP\STM32746G-Discovery\stm32746g_discovery.o
                0x08005110                TS_IO_Read
 .text.TS_IO_Delay
                0x08005138        0x4 Drivers\BSP\STM32746G-Discovery\stm32746g_discovery.o
                0x08005138                TS_IO_Delay
 .text.BSP_TS_Init
                0x0800513c       0x50 Drivers\BSP\STM32746G-Discovery\stm32746g_discovery_ts.o
                0x0800513c                BSP_TS_Init
 .text.BSP_TS_Get_GestureId
                0x0800518c       0x60 Drivers\BSP\STM32746G-Discovery\stm32746g_discovery_ts.o
                0x0800518c                BSP_TS_Get_GestureId
 .text.BSP_TS_GetState
                0x080051ec      0x170 Drivers\BSP\STM32746G-Discovery\stm32746g_discovery_ts.o
                0x080051ec                BSP_TS_GetState
 .text.SystemInit
                0x0800535c       0x4c Drivers\CMSIS\system_stm32f7xx.o
                0x0800535c                SystemInit
 .text.HAL_Init
                0x080053a8       0x2c Drivers\STM32F7xx_HAL_Driver\stm32f7xx_hal.o
                0x080053a8                HAL_Init
 .text.HAL_IncTick
                0x080053d4       0x18 Drivers\STM32F7xx_HAL_Driver\stm32f7xx_hal.o
                0x080053d4                HAL_IncTick
 .text.HAL_GetTick
                0x080053ec        0xc Drivers\STM32F7xx_HAL_Driver\stm32f7xx_hal.o
                0x080053ec                HAL_GetTick
 .text.HAL_Delay
                0x080053f8       0x24 Drivers\STM32F7xx_HAL_Driver\stm32f7xx_hal.o
                0x080053f8                HAL_Delay
 .text.HAL_ADC_Init
                0x0800541c      0x274 Drivers\STM32F7xx_HAL_Driver\stm32f7xx_hal_adc.o
                0x0800541c                HAL_ADC_Init
 .text.HAL_ADC_ConfigChannel
                0x08005690      0x17c Drivers\STM32F7xx_HAL_Driver\stm32f7xx_hal_adc.o
                0x08005690                HAL_ADC_ConfigChannel
 .text.HAL_NVIC_SetPriorityGrouping
                0x0800580c       0x3c Drivers\STM32F7xx_HAL_Driver\stm32f7xx_hal_cortex.o
                0x0800580c                HAL_NVIC_SetPriorityGrouping
 .text.HAL_NVIC_SetPriority
                0x08005848       0x90 Drivers\STM32F7xx_HAL_Driver\stm32f7xx_hal_cortex.o
                0x08005848                HAL_NVIC_SetPriority
 .text.HAL_NVIC_EnableIRQ
                0x080058d8       0x28 Drivers\STM32F7xx_HAL_Driver\stm32f7xx_hal_cortex.o
                0x080058d8                HAL_NVIC_EnableIRQ
 .text.HAL_NVIC_DisableIRQ
                0x08005900       0x34 Drivers\STM32F7xx_HAL_Driver\stm32f7xx_hal_cortex.o
                0x08005900                HAL_NVIC_DisableIRQ
 .text.HAL_CRC_Init
                0x08005934       0xe0 Drivers\STM32F7xx_HAL_Driver\stm32f7xx_hal_crc.o
                0x08005934                HAL_CRC_Init
 .text.HAL_CRCEx_Polynomial_Set
                0x08005a14       0x5c Drivers\STM32F7xx_HAL_Driver\stm32f7xx_hal_crc_ex.o
                0x08005a14                HAL_CRCEx_Polynomial_Set
 .text.HAL_DCMI_Init
                0x08005a70      0x160 Drivers\STM32F7xx_HAL_Driver\stm32f7xx_hal_dcmi.o
                0x08005a70                HAL_DCMI_Init
 .text.HAL_DMA_Start_IT
                0x08005bd0       0xa4 Drivers\STM32F7xx_HAL_Driver\stm32f7xx_hal_dma.o
                0x08005bd0                HAL_DMA_Start_IT
 .text.HAL_DMA_GetError
                0x08005c74        0x4 Drivers\STM32F7xx_HAL_Driver\stm32f7xx_hal_dma.o
                0x08005c74                HAL_DMA_GetError
 .text.HAL_DMA2D_Init
                0x08005c78       0xa4 Drivers\STM32F7xx_HAL_Driver\stm32f7xx_hal_dma2d.o
                0x08005c78                HAL_DMA2D_Init
 .text.HAL_DMA2D_LineEventCallback
                0x08005d1c        0x2 Drivers\STM32F7xx_HAL_Driver\stm32f7xx_hal_dma2d.o
                0x08005d1c                HAL_DMA2D_LineEventCallback
 .text.HAL_DMA2D_CLUTLoadingCpltCallback
                0x08005d1e        0x2 Drivers\STM32F7xx_HAL_Driver\stm32f7xx_hal_dma2d.o
                0x08005d1e                HAL_DMA2D_CLUTLoadingCpltCallback
 .text.HAL_DMA2D_IRQHandler
                0x08005d20      0x114 Drivers\STM32F7xx_HAL_Driver\stm32f7xx_hal_dma2d.o
                0x08005d20                HAL_DMA2D_IRQHandler
 .text.HAL_DMA2D_ConfigLayer
                0x08005e34       0xf4 Drivers\STM32F7xx_HAL_Driver\stm32f7xx_hal_dma2d.o
                0x08005e34                HAL_DMA2D_ConfigLayer
 .text.HAL_GPIO_Init
                0x08005f28      0x2a8 Drivers\STM32F7xx_HAL_Driver\stm32f7xx_hal_gpio.o
                0x08005f28                HAL_GPIO_Init
 .text.HAL_GPIO_DeInit
                0x080061d0      0x194 Drivers\STM32F7xx_HAL_Driver\stm32f7xx_hal_gpio.o
                0x080061d0                HAL_GPIO_DeInit
 .text.HAL_GPIO_ReadPin
                0x08006364       0x24 Drivers\STM32F7xx_HAL_Driver\stm32f7xx_hal_gpio.o
                0x08006364                HAL_GPIO_ReadPin
 .text.HAL_GPIO_WritePin
                0x08006388       0x34 Drivers\STM32F7xx_HAL_Driver\stm32f7xx_hal_gpio.o
                0x08006388                HAL_GPIO_WritePin
 .text.HAL_HCD_HC_Init
                0x080063bc       0x72 Drivers\STM32F7xx_HAL_Driver\stm32f7xx_hal_hcd.o
                0x080063bc                HAL_HCD_HC_Init
 .text.HAL_HCD_HC_Halt
                0x0800642e       0x24 Drivers\STM32F7xx_HAL_Driver\stm32f7xx_hal_hcd.o
                0x0800642e                HAL_HCD_HC_Halt
 *fill*         0x08006452        0x2 
 .text.HAL_HCD_Init
                0x08006454       0xa8 Drivers\STM32F7xx_HAL_Driver\stm32f7xx_hal_hcd.o
                0x08006454                HAL_HCD_Init
 .text.HAL_HCD_HC_SubmitRequest
                0x080064fc       0xc4 Drivers\STM32F7xx_HAL_Driver\stm32f7xx_hal_hcd.o
                0x080064fc                HAL_HCD_HC_SubmitRequest
 .text.HAL_HCD_IRQHandler
                0x080065c0      0x62c Drivers\STM32F7xx_HAL_Driver\stm32f7xx_hal_hcd.o
                0x080065c0                HAL_HCD_IRQHandler
 .text.HAL_HCD_Start
                0x08006bec       0x2c Drivers\STM32F7xx_HAL_Driver\stm32f7xx_hal_hcd.o
                0x08006bec                HAL_HCD_Start
 .text.HAL_HCD_Stop
                0x08006c18       0x24 Drivers\STM32F7xx_HAL_Driver\stm32f7xx_hal_hcd.o
                0x08006c18                HAL_HCD_Stop
 .text.HAL_HCD_ResetPort
                0x08006c3c        0x6 Drivers\STM32F7xx_HAL_Driver\stm32f7xx_hal_hcd.o
                0x08006c3c                HAL_HCD_ResetPort
 .text.HAL_HCD_HC_GetURBState
                0x08006c42        0xc Drivers\STM32F7xx_HAL_Driver\stm32f7xx_hal_hcd.o
                0x08006c42                HAL_HCD_HC_GetURBState
 .text.HAL_HCD_HC_GetXferCount
                0x08006c4e        0xa Drivers\STM32F7xx_HAL_Driver\stm32f7xx_hal_hcd.o
                0x08006c4e                HAL_HCD_HC_GetXferCount
 .text.HAL_HCD_GetCurrentFrame
                0x08006c58        0x6 Drivers\STM32F7xx_HAL_Driver\stm32f7xx_hal_hcd.o
                0x08006c58                HAL_HCD_GetCurrentFrame
 .text.HAL_HCD_GetCurrentSpeed
                0x08006c5e        0x6 Drivers\STM32F7xx_HAL_Driver\stm32f7xx_hal_hcd.o
                0x08006c5e                HAL_HCD_GetCurrentSpeed
 .text.I2C_Flush_TXDR
                0x08006c64       0x1c Drivers\STM32F7xx_HAL_Driver\stm32f7xx_hal_i2c.o
 .text.I2C_TransferConfig
                0x08006c80       0xac Drivers\STM32F7xx_HAL_Driver\stm32f7xx_hal_i2c.o
 .text.I2C_WaitOnFlagUntilTimeout
                0x08006d2c       0x56 Drivers\STM32F7xx_HAL_Driver\stm32f7xx_hal_i2c.o
 .text.I2C_IsAcknowledgeFailed
                0x08006d82       0x7a Drivers\STM32F7xx_HAL_Driver\stm32f7xx_hal_i2c.o
 .text.I2C_WaitOnTXISFlagUntilTimeout
                0x08006dfc       0x4e Drivers\STM32F7xx_HAL_Driver\stm32f7xx_hal_i2c.o
 *fill*         0x08006e4a        0x2 
 .text.I2C_RequestMemoryWrite
                0x08006e4c       0x64 Drivers\STM32F7xx_HAL_Driver\stm32f7xx_hal_i2c.o
 .text.I2C_RequestMemoryRead
                0x08006eb0       0x64 Drivers\STM32F7xx_HAL_Driver\stm32f7xx_hal_i2c.o
 .text.I2C_WaitOnSTOPFlagUntilTimeout
                0x08006f14       0x4a Drivers\STM32F7xx_HAL_Driver\stm32f7xx_hal_i2c.o
 *fill*         0x08006f5e        0x2 
 .text.HAL_I2C_Init
                0x08006f60      0x154 Drivers\STM32F7xx_HAL_Driver\stm32f7xx_hal_i2c.o
                0x08006f60                HAL_I2C_Init
 .text.HAL_I2C_DeInit
                0x080070b4       0x68 Drivers\STM32F7xx_HAL_Driver\stm32f7xx_hal_i2c.o
                0x080070b4                HAL_I2C_DeInit
 .text.HAL_I2C_Mem_Write
                0x0800711c      0x184 Drivers\STM32F7xx_HAL_Driver\stm32f7xx_hal_i2c.o
                0x0800711c                HAL_I2C_Mem_Write
 .text.HAL_I2C_Mem_Read
                0x080072a0      0x190 Drivers\STM32F7xx_HAL_Driver\stm32f7xx_hal_i2c.o
                0x080072a0                HAL_I2C_Mem_Read
 .text.HAL_I2C_GetState
                0x08007430        0x6 Drivers\STM32F7xx_HAL_Driver\stm32f7xx_hal_i2c.o
                0x08007430                HAL_I2C_GetState
 *fill*         0x08007436        0x2 
 .text.HAL_I2CEx_ConfigAnalogFilter
                0x08007438       0x8c Drivers\STM32F7xx_HAL_Driver\stm32f7xx_hal_i2c_ex.o
                0x08007438                HAL_I2CEx_ConfigAnalogFilter
 .text.HAL_I2CEx_ConfigDigitalFilter
                0x080074c4       0x88 Drivers\STM32F7xx_HAL_Driver\stm32f7xx_hal_i2c_ex.o
                0x080074c4                HAL_I2CEx_ConfigDigitalFilter
 .text.LTDC_SetConfig
                0x0800754c      0x10c Drivers\STM32F7xx_HAL_Driver\stm32f7xx_hal_ltdc.o
 .text.HAL_LTDC_Init
                0x08007658      0x1b4 Drivers\STM32F7xx_HAL_Driver\stm32f7xx_hal_ltdc.o
                0x08007658                HAL_LTDC_Init
 .text.HAL_LTDC_DeInit
                0x0800780c       0x18 Drivers\STM32F7xx_HAL_Driver\stm32f7xx_hal_ltdc.o
                0x0800780c                HAL_LTDC_DeInit
 .text.HAL_LTDC_ErrorCallback
                0x08007824        0x2 Drivers\STM32F7xx_HAL_Driver\stm32f7xx_hal_ltdc.o
                0x08007824                HAL_LTDC_ErrorCallback
 .text.HAL_LTDC_ReloadEventCallback
                0x08007826        0x2 Drivers\STM32F7xx_HAL_Driver\stm32f7xx_hal_ltdc.o
                0x08007826                HAL_LTDC_ReloadEventCallback
 .text.HAL_LTDC_IRQHandler
                0x08007828       0xba Drivers\STM32F7xx_HAL_Driver\stm32f7xx_hal_ltdc.o
                0x08007828                HAL_LTDC_IRQHandler
 *fill*         0x080078e2        0x2 
 .text.HAL_LTDC_ConfigLayer
                0x080078e4      0x130 Drivers\STM32F7xx_HAL_Driver\stm32f7xx_hal_ltdc.o
                0x080078e4                HAL_LTDC_ConfigLayer
 .text.HAL_LTDC_ConfigColorKeying
                0x08007a14       0x4c Drivers\STM32F7xx_HAL_Driver\stm32f7xx_hal_ltdc.o
                0x08007a14                HAL_LTDC_ConfigColorKeying
 .text.HAL_LTDC_ConfigCLUT
                0x08007a60       0x90 Drivers\STM32F7xx_HAL_Driver\stm32f7xx_hal_ltdc.o
                0x08007a60                HAL_LTDC_ConfigCLUT
 .text.HAL_LTDC_EnableColorKeying
                0x08007af0       0x44 Drivers\STM32F7xx_HAL_Driver\stm32f7xx_hal_ltdc.o
                0x08007af0                HAL_LTDC_EnableColorKeying
 .text.HAL_LTDC_DisableColorKeying
                0x08007b34       0x48 Drivers\STM32F7xx_HAL_Driver\stm32f7xx_hal_ltdc.o
                0x08007b34                HAL_LTDC_DisableColorKeying
 .text.HAL_LTDC_SetWindowPosition
                0x08007b7c       0x88 Drivers\STM32F7xx_HAL_Driver\stm32f7xx_hal_ltdc.o
                0x08007b7c                HAL_LTDC_SetWindowPosition
 .text.HAL_LTDC_SetAlpha
                0x08007c04       0x60 Drivers\STM32F7xx_HAL_Driver\stm32f7xx_hal_ltdc.o
                0x08007c04                HAL_LTDC_SetAlpha
 .text.HAL_LTDC_SetAddress
                0x08007c64       0x54 Drivers\STM32F7xx_HAL_Driver\stm32f7xx_hal_ltdc.o
                0x08007c64                HAL_LTDC_SetAddress
 .text.HAL_LTDC_ProgramLineEvent
                0x08007cb8       0x50 Drivers\STM32F7xx_HAL_Driver\stm32f7xx_hal_ltdc.o
                0x08007cb8                HAL_LTDC_ProgramLineEvent
 .text.HAL_PWR_EnableBkUpAccess
                0x08007d08       0x10 Drivers\STM32F7xx_HAL_Driver\stm32f7xx_hal_pwr.o
                0x08007d08                HAL_PWR_EnableBkUpAccess
 .text.HAL_PWREx_EnableOverDrive
                0x08007d18       0x70 Drivers\STM32F7xx_HAL_Driver\stm32f7xx_hal_pwr_ex.o
                0x08007d18                HAL_PWREx_EnableOverDrive
 .text.QSPI_WaitFlagStateUntilTimeout
                0x08007d88       0x4c Drivers\STM32F7xx_HAL_Driver\stm32f7xx_hal_qspi.o
 .text.HAL_QSPI_Init
                0x08007dd4      0x168 Drivers\STM32F7xx_HAL_Driver\stm32f7xx_hal_qspi.o
                0x08007dd4                HAL_QSPI_Init
 .text.HAL_RCC_OscConfig
                0x08007f3c      0x41c Drivers\STM32F7xx_HAL_Driver\stm32f7xx_hal_rcc.o
                0x08007f3c                HAL_RCC_OscConfig
 .text.HAL_RCC_GetSysClockFreq
                0x08008358       0x5c Drivers\STM32F7xx_HAL_Driver\stm32f7xx_hal_rcc.o
                0x08008358                HAL_RCC_GetSysClockFreq
 .text.HAL_RCC_ClockConfig
                0x080083b4      0x1f0 Drivers\STM32F7xx_HAL_Driver\stm32f7xx_hal_rcc.o
                0x080083b4                HAL_RCC_ClockConfig
 .text.HAL_RCC_GetPCLK1Freq
                0x080085a4       0x20 Drivers\STM32F7xx_HAL_Driver\stm32f7xx_hal_rcc.o
                0x080085a4                HAL_RCC_GetPCLK1Freq
 .text.HAL_RCC_GetPCLK2Freq
                0x080085c4       0x20 Drivers\STM32F7xx_HAL_Driver\stm32f7xx_hal_rcc.o
                0x080085c4                HAL_RCC_GetPCLK2Freq
 .text.HAL_RCC_GetClockConfig
                0x080085e4       0x3c Drivers\STM32F7xx_HAL_Driver\stm32f7xx_hal_rcc.o
                0x080085e4                HAL_RCC_GetClockConfig
 .text.HAL_RCCEx_PeriphCLKConfig
                0x08008620      0x860 Drivers\STM32F7xx_HAL_Driver\stm32f7xx_hal_rcc_ex.o
                0x08008620                HAL_RCCEx_PeriphCLKConfig
 .text.HAL_RCCEx_GetPeriphCLKFreq
                0x08008e80       0xc8 Drivers\STM32F7xx_HAL_Driver\stm32f7xx_hal_rcc_ex.o
                0x08008e80                HAL_RCCEx_GetPeriphCLKFreq
 .text.HAL_RTC_WaitForSynchro
                0x08008f48       0x30 Drivers\STM32F7xx_HAL_Driver\stm32f7xx_hal_rtc.o
                0x08008f48                HAL_RTC_WaitForSynchro
 .text.RTC_EnterInitMode
                0x08008f78       0x34 Drivers\STM32F7xx_HAL_Driver\stm32f7xx_hal_rtc.o
                0x08008f78                RTC_EnterInitMode
 .text.HAL_RTC_Init
                0x08008fac      0x104 Drivers\STM32F7xx_HAL_Driver\stm32f7xx_hal_rtc.o
                0x08008fac                HAL_RTC_Init
 .text.RTC_ByteToBcd2
                0x080090b0       0x16 Drivers\STM32F7xx_HAL_Driver\stm32f7xx_hal_rtc.o
                0x080090b0                RTC_ByteToBcd2
 .text.RTC_Bcd2ToByte
                0x080090c6       0x12 Drivers\STM32F7xx_HAL_Driver\stm32f7xx_hal_rtc.o
                0x080090c6                RTC_Bcd2ToByte
 .text.HAL_RTC_SetTime
                0x080090d8      0x1cc Drivers\STM32F7xx_HAL_Driver\stm32f7xx_hal_rtc.o
                0x080090d8                HAL_RTC_SetTime
 .text.HAL_RTC_SetDate
                0x080092a4      0x170 Drivers\STM32F7xx_HAL_Driver\stm32f7xx_hal_rtc.o
                0x080092a4                HAL_RTC_SetDate
 .text.HAL_RTC_SetAlarm
                0x08009414      0x2c8 Drivers\STM32F7xx_HAL_Driver\stm32f7xx_hal_rtc.o
                0x08009414                HAL_RTC_SetAlarm
 .text.HAL_RTCEx_SetTimeStamp
                0x080096dc       0x74 Drivers\STM32F7xx_HAL_Driver\stm32f7xx_hal_rtc_ex.o
                0x080096dc                HAL_RTCEx_SetTimeStamp
 .text.SAI_Disable
                0x08009750       0x40 Drivers\STM32F7xx_HAL_Driver\stm32f7xx_hal_sai.o
 .text.HAL_SAI_Init
                0x08009790      0x3d8 Drivers\STM32F7xx_HAL_Driver\stm32f7xx_hal_sai.o
                0x08009790                HAL_SAI_Init
 .text.SD_DMATransmitCplt
                0x08009b68        0xe Drivers\STM32F7xx_HAL_Driver\stm32f7xx_hal_sd.o
 .text.SD_FindSCR
                0x08009b76       0xca Drivers\STM32F7xx_HAL_Driver\stm32f7xx_hal_sd.o
 .text.HAL_SD_ReadBlocks_DMA
                0x08009c40      0x104 Drivers\STM32F7xx_HAL_Driver\stm32f7xx_hal_sd.o
                0x08009c40                HAL_SD_ReadBlocks_DMA
 .text.HAL_SD_WriteBlocks_DMA
                0x08009d44       0xf8 Drivers\STM32F7xx_HAL_Driver\stm32f7xx_hal_sd.o
                0x08009d44                HAL_SD_WriteBlocks_DMA
 .text.HAL_SD_ErrorCallback
                0x08009e3c        0x2 Drivers\STM32F7xx_HAL_Driver\stm32f7xx_hal_sd.o
                0x08009e3c                HAL_SD_ErrorCallback
 .text.SD_DMAReceiveCplt
                0x08009e3e       0x3c Drivers\STM32F7xx_HAL_Driver\stm32f7xx_hal_sd.o
 .text.HAL_SD_GetCardCSD
                0x08009e7a      0x1be Drivers\STM32F7xx_HAL_Driver\stm32f7xx_hal_sd.o
                0x08009e7a                HAL_SD_GetCardCSD
 .text.HAL_SD_InitCard
                0x0800a038      0x1e6 Drivers\STM32F7xx_HAL_Driver\stm32f7xx_hal_sd.o
                0x0800a038                HAL_SD_InitCard
 *fill*         0x0800a21e        0x2 
 .text.HAL_SD_Init
                0x0800a220       0xc4 Drivers\STM32F7xx_HAL_Driver\stm32f7xx_hal_sd.o
                0x0800a220                HAL_SD_Init
 .text.HAL_SD_GetCardInfo
                0x0800a2e4       0x24 Drivers\STM32F7xx_HAL_Driver\stm32f7xx_hal_sd.o
                0x0800a2e4                HAL_SD_GetCardInfo
 .text.HAL_SD_ConfigWideBusOperation
                0x0800a308      0x114 Drivers\STM32F7xx_HAL_Driver\stm32f7xx_hal_sd.o
                0x0800a308                HAL_SD_ConfigWideBusOperation
 .text.HAL_SD_GetCardState
                0x0800a41c       0x28 Drivers\STM32F7xx_HAL_Driver\stm32f7xx_hal_sd.o
                0x0800a41c                HAL_SD_GetCardState
 .text.SD_DMAError
                0x0800a444       0x5c Drivers\STM32F7xx_HAL_Driver\stm32f7xx_hal_sd.o
 .text.HAL_SDRAM_Init
                0x0800a4a0       0x40 Drivers\STM32F7xx_HAL_Driver\stm32f7xx_hal_sdram.o
                0x0800a4a0                HAL_SDRAM_Init
 .text.HAL_SDRAM_SendCommand
                0x0800a4e0       0x2e Drivers\STM32F7xx_HAL_Driver\stm32f7xx_hal_sdram.o
                0x0800a4e0                HAL_SDRAM_SendCommand
 .text.HAL_SDRAM_ProgramRefreshRate
                0x0800a50e       0x24 Drivers\STM32F7xx_HAL_Driver\stm32f7xx_hal_sdram.o
                0x0800a50e                HAL_SDRAM_ProgramRefreshRate
 *fill*         0x0800a532        0x2 
 .text.HAL_SPDIFRX_Init
                0x0800a534      0x11c Drivers\STM32F7xx_HAL_Driver\stm32f7xx_hal_spdifrx.o
                0x0800a534                HAL_SPDIFRX_Init
 .text.HAL_SPI_Init
                0x0800a650      0x1e0 Drivers\STM32F7xx_HAL_Driver\stm32f7xx_hal_spi.o
                0x0800a650                HAL_SPI_Init
 .text.TIM_OC5_SetConfig
                0x0800a830       0x50 Drivers\STM32F7xx_HAL_Driver\stm32f7xx_hal_tim.o
 .text.TIM_OC6_SetConfig
                0x0800a880       0x50 Drivers\STM32F7xx_HAL_Driver\stm32f7xx_hal_tim.o
 .text.TIM_OC1_SetConfig
                0x0800a8d0       0xb0 Drivers\STM32F7xx_HAL_Driver\stm32f7xx_hal_tim.o
 .text.TIM_OC3_SetConfig
                0x0800a980       0xb4 Drivers\STM32F7xx_HAL_Driver\stm32f7xx_hal_tim.o
 .text.TIM_OC4_SetConfig
                0x0800aa34       0x74 Drivers\STM32F7xx_HAL_Driver\stm32f7xx_hal_tim.o
 .text.HAL_TIM_Base_Start_IT
                0x0800aaa8       0xb0 Drivers\STM32F7xx_HAL_Driver\stm32f7xx_hal_tim.o
                0x0800aaa8                HAL_TIM_Base_Start_IT
 .text.HAL_TIM_OC_DelayElapsedCallback
                0x0800ab58        0x2 Drivers\STM32F7xx_HAL_Driver\stm32f7xx_hal_tim.o
                0x0800ab58                HAL_TIM_OC_DelayElapsedCallback
 .text.HAL_TIM_IC_CaptureCallback
                0x0800ab5a        0x2 Drivers\STM32F7xx_HAL_Driver\stm32f7xx_hal_tim.o
                0x0800ab5a                HAL_TIM_IC_CaptureCallback
 .text.HAL_TIM_PWM_PulseFinishedCallback
                0x0800ab5c        0x2 Drivers\STM32F7xx_HAL_Driver\stm32f7xx_hal_tim.o
                0x0800ab5c                HAL_TIM_PWM_PulseFinishedCallback
 .text.HAL_TIM_TriggerCallback
                0x0800ab5e        0x2 Drivers\STM32F7xx_HAL_Driver\stm32f7xx_hal_tim.o
                0x0800ab5e                HAL_TIM_TriggerCallback
 .text.HAL_TIM_IRQHandler
                0x0800ab60      0x160 Drivers\STM32F7xx_HAL_Driver\stm32f7xx_hal_tim.o
                0x0800ab60                HAL_TIM_IRQHandler
 .text.TIM_Base_SetConfig
                0x0800acc0       0xcc Drivers\STM32F7xx_HAL_Driver\stm32f7xx_hal_tim.o
                0x0800acc0                TIM_Base_SetConfig
 .text.HAL_TIM_Base_Init
                0x0800ad8c      0x100 Drivers\STM32F7xx_HAL_Driver\stm32f7xx_hal_tim.o
                0x0800ad8c                HAL_TIM_Base_Init
 .text.HAL_TIM_PWM_Init
                0x0800ae8c      0x100 Drivers\STM32F7xx_HAL_Driver\stm32f7xx_hal_tim.o
                0x0800ae8c                HAL_TIM_PWM_Init
 .text.TIM_OC2_SetConfig
                0x0800af8c       0xb8 Drivers\STM32F7xx_HAL_Driver\stm32f7xx_hal_tim.o
                0x0800af8c                TIM_OC2_SetConfig
 .text.HAL_TIM_PWM_ConfigChannel
                0x0800b044      0x2f4 Drivers\STM32F7xx_HAL_Driver\stm32f7xx_hal_tim.o
                0x0800b044                HAL_TIM_PWM_ConfigChannel
 .text.TIM_ETR_SetConfig
                0x0800b338       0x14 Drivers\STM32F7xx_HAL_Driver\stm32f7xx_hal_tim.o
                0x0800b338                TIM_ETR_SetConfig
 .text.HAL_TIM_ConfigClockSource
                0x0800b34c      0x464 Drivers\STM32F7xx_HAL_Driver\stm32f7xx_hal_tim.o
                0x0800b34c                HAL_TIM_ConfigClockSource
 .text.TIM_SlaveTimer_SetConfig
                0x0800b7b0      0x320 Drivers\STM32F7xx_HAL_Driver\stm32f7xx_hal_tim.o
 .text.HAL_TIM_SlaveConfigSynchro
                0x0800bad0       0xcc Drivers\STM32F7xx_HAL_Driver\stm32f7xx_hal_tim.o
                0x0800bad0                HAL_TIM_SlaveConfigSynchro
 .text.HAL_TIMEx_MasterConfigSynchronization
                0x0800bb9c       0xf8 Drivers\STM32F7xx_HAL_Driver\stm32f7xx_hal_tim_ex.o
                0x0800bb9c                HAL_TIMEx_MasterConfigSynchronization
 .text.HAL_TIMEx_ConfigBreakDeadTime
                0x0800bc94      0x16c Drivers\STM32F7xx_HAL_Driver\stm32f7xx_hal_tim_ex.o
                0x0800bc94                HAL_TIMEx_ConfigBreakDeadTime
 .text.HAL_TIMEx_CommutCallback
                0x0800be00        0x2 Drivers\STM32F7xx_HAL_Driver\stm32f7xx_hal_tim_ex.o
                0x0800be00                HAL_TIMEx_CommutCallback
 .text.HAL_TIMEx_BreakCallback
                0x0800be02        0x2 Drivers\STM32F7xx_HAL_Driver\stm32f7xx_hal_tim_ex.o
                0x0800be02                HAL_TIMEx_BreakCallback
 .text.HAL_TIMEx_Break2Callback
                0x0800be04        0x2 Drivers\STM32F7xx_HAL_Driver\stm32f7xx_hal_tim_ex.o
                0x0800be04                HAL_TIMEx_Break2Callback
 *fill*         0x0800be06        0x2 
 .text.UART_SetConfig
                0x0800be08      0x33c Drivers\STM32F7xx_HAL_Driver\stm32f7xx_hal_uart.o
                0x0800be08                UART_SetConfig
 .text.UART_AdvFeatureConfig
                0x0800c144      0x1a0 Drivers\STM32F7xx_HAL_Driver\stm32f7xx_hal_uart.o
                0x0800c144                UART_AdvFeatureConfig
 .text.UART_WaitOnFlagUntilTimeout
                0x0800c2e4       0x5e Drivers\STM32F7xx_HAL_Driver\stm32f7xx_hal_uart.o
                0x0800c2e4                UART_WaitOnFlagUntilTimeout
 .text.HAL_UART_Transmit
                0x0800c342       0xae Drivers\STM32F7xx_HAL_Driver\stm32f7xx_hal_uart.o
                0x0800c342                HAL_UART_Transmit
 .text.HAL_UART_Receive
                0x0800c3f0       0xe2 Drivers\STM32F7xx_HAL_Driver\stm32f7xx_hal_uart.o
                0x0800c3f0                HAL_UART_Receive
 .text.UART_CheckIdleState
                0x0800c4d2       0x40 Drivers\STM32F7xx_HAL_Driver\stm32f7xx_hal_uart.o
                0x0800c4d2                UART_CheckIdleState
 *fill*         0x0800c512        0x2 
 .text.HAL_UART_Init
                0x0800c514       0xfc Drivers\STM32F7xx_HAL_Driver\stm32f7xx_hal_uart.o
                0x0800c514                HAL_UART_Init
 .text.FMC_SDRAM_Init
                0x0800c610      0x15c Drivers\STM32F7xx_HAL_Driver\stm32f7xx_ll_fmc.o
                0x0800c610                FMC_SDRAM_Init
 .text.FMC_SDRAM_Timing_Init
                0x0800c76c      0x13c Drivers\STM32F7xx_HAL_Driver\stm32f7xx_ll_fmc.o
                0x0800c76c                FMC_SDRAM_Timing_Init
 .text.FMC_SDRAM_SendCommand
                0x0800c8a8       0x90 Drivers\STM32F7xx_HAL_Driver\stm32f7xx_ll_fmc.o
                0x0800c8a8                FMC_SDRAM_SendCommand
 .text.FMC_SDRAM_ProgramRefreshRate
                0x0800c938       0x3c Drivers\STM32F7xx_HAL_Driver\stm32f7xx_ll_fmc.o
                0x0800c938                FMC_SDRAM_ProgramRefreshRate
 .text.SDMMC_GetCmdResp2
                0x0800c974       0x4c Drivers\STM32F7xx_HAL_Driver\stm32f7xx_ll_sdmmc.o
 .text.SDMMC_GetCmdResp3
                0x0800c9c0       0x44 Drivers\STM32F7xx_HAL_Driver\stm32f7xx_ll_sdmmc.o
 .text.SDMMC_Init
                0x0800ca04       0xb8 Drivers\STM32F7xx_HAL_Driver\stm32f7xx_ll_sdmmc.o
                0x0800ca04                SDMMC_Init
 .text.SDMMC_ReadFIFO
                0x0800cabc        0x6 Drivers\STM32F7xx_HAL_Driver\stm32f7xx_ll_sdmmc.o
                0x0800cabc                SDMMC_ReadFIFO
 .text.SDMMC_PowerState_ON
                0x0800cac2        0x8 Drivers\STM32F7xx_HAL_Driver\stm32f7xx_ll_sdmmc.o
                0x0800cac2                SDMMC_PowerState_ON
 .text.SDMMC_GetPowerState
                0x0800caca        0x8 Drivers\STM32F7xx_HAL_Driver\stm32f7xx_ll_sdmmc.o
                0x0800caca                SDMMC_GetPowerState
 *fill*         0x0800cad2        0x2 
 .text.SDMMC_SendCommand
                0x0800cad4       0x80 Drivers\STM32F7xx_HAL_Driver\stm32f7xx_ll_sdmmc.o
                0x0800cad4                SDMMC_SendCommand
 .text.SDMMC_GetResponse
                0x0800cb54       0x2c Drivers\STM32F7xx_HAL_Driver\stm32f7xx_ll_sdmmc.o
                0x0800cb54                SDMMC_GetResponse
 .text.SDMMC_GetCmdResp1
                0x0800cb80      0x11c Drivers\STM32F7xx_HAL_Driver\stm32f7xx_ll_sdmmc.o
 .text.SDMMC_ConfigData
                0x0800cc9c       0x9c Drivers\STM32F7xx_HAL_Driver\stm32f7xx_ll_sdmmc.o
                0x0800cc9c                SDMMC_ConfigData
 .text.SDMMC_CmdBlockLength
                0x0800cd38       0x30 Drivers\STM32F7xx_HAL_Driver\stm32f7xx_ll_sdmmc.o
                0x0800cd38                SDMMC_CmdBlockLength
 .text.SDMMC_CmdReadSingleBlock
                0x0800cd68       0x30 Drivers\STM32F7xx_HAL_Driver\stm32f7xx_ll_sdmmc.o
                0x0800cd68                SDMMC_CmdReadSingleBlock
 .text.SDMMC_CmdReadMultiBlock
                0x0800cd98       0x30 Drivers\STM32F7xx_HAL_Driver\stm32f7xx_ll_sdmmc.o
                0x0800cd98                SDMMC_CmdReadMultiBlock
 .text.SDMMC_CmdWriteSingleBlock
                0x0800cdc8       0x30 Drivers\STM32F7xx_HAL_Driver\stm32f7xx_ll_sdmmc.o
                0x0800cdc8                SDMMC_CmdWriteSingleBlock
 .text.SDMMC_CmdWriteMultiBlock
                0x0800cdf8       0x30 Drivers\STM32F7xx_HAL_Driver\stm32f7xx_ll_sdmmc.o
                0x0800cdf8                SDMMC_CmdWriteMultiBlock
 .text.SDMMC_CmdStopTransfer
                0x0800ce28       0x34 Drivers\STM32F7xx_HAL_Driver\stm32f7xx_ll_sdmmc.o
                0x0800ce28                SDMMC_CmdStopTransfer
 .text.SDMMC_CmdSelDesel
                0x0800ce5c       0x30 Drivers\STM32F7xx_HAL_Driver\stm32f7xx_ll_sdmmc.o
                0x0800ce5c                SDMMC_CmdSelDesel
 .text.SDMMC_CmdGoIdleState
                0x0800ce8c       0x50 Drivers\STM32F7xx_HAL_Driver\stm32f7xx_ll_sdmmc.o
                0x0800ce8c                SDMMC_CmdGoIdleState
 .text.SDMMC_CmdOperCond
                0x0800cedc       0x70 Drivers\STM32F7xx_HAL_Driver\stm32f7xx_ll_sdmmc.o
                0x0800cedc                SDMMC_CmdOperCond
 .text.SDMMC_CmdAppCommand
                0x0800cf4c       0x30 Drivers\STM32F7xx_HAL_Driver\stm32f7xx_ll_sdmmc.o
                0x0800cf4c                SDMMC_CmdAppCommand
 .text.SDMMC_CmdAppOperCommand
                0x0800cf7c       0x32 Drivers\STM32F7xx_HAL_Driver\stm32f7xx_ll_sdmmc.o
                0x0800cf7c                SDMMC_CmdAppOperCommand
 .text.SDMMC_CmdSendSCR
                0x0800cfae       0x30 Drivers\STM32F7xx_HAL_Driver\stm32f7xx_ll_sdmmc.o
                0x0800cfae                SDMMC_CmdSendSCR
 .text.SDMMC_CmdSendCID
                0x0800cfde       0x2a Drivers\STM32F7xx_HAL_Driver\stm32f7xx_ll_sdmmc.o
                0x0800cfde                SDMMC_CmdSendCID
 .text.SDMMC_CmdSendCSD
                0x0800d008       0x2a Drivers\STM32F7xx_HAL_Driver\stm32f7xx_ll_sdmmc.o
                0x0800d008                SDMMC_CmdSendCSD
 *fill*         0x0800d032        0x2 
 .text.SDMMC_CmdSetRelAdd
                0x0800d034       0xa8 Drivers\STM32F7xx_HAL_Driver\stm32f7xx_ll_sdmmc.o
                0x0800d034                SDMMC_CmdSetRelAdd
 .text.SDMMC_CmdSendStatus
                0x0800d0dc       0x30 Drivers\STM32F7xx_HAL_Driver\stm32f7xx_ll_sdmmc.o
                0x0800d0dc                SDMMC_CmdSendStatus
 .text.SDMMC_CmdSwitch
                0x0800d10c       0x30 Drivers\STM32F7xx_HAL_Driver\stm32f7xx_ll_sdmmc.o
                0x0800d10c                SDMMC_CmdSwitch
 .text.SDMMC_CmdBusWidth
                0x0800d13c        0x4 Drivers\STM32F7xx_HAL_Driver\stm32f7xx_ll_sdmmc.o
                0x0800d13c                SDMMC_CmdBusWidth
 .text.USB_CoreReset
                0x0800d140       0x30 Drivers\STM32F7xx_HAL_Driver\stm32f7xx_ll_usb.o
 .text.USB_CoreInit
                0x0800d170       0x76 Drivers\STM32F7xx_HAL_Driver\stm32f7xx_ll_usb.o
                0x0800d170                USB_CoreInit
 .text.USB_EnableGlobalInt
                0x0800d1e6        0xc Drivers\STM32F7xx_HAL_Driver\stm32f7xx_ll_usb.o
                0x0800d1e6                USB_EnableGlobalInt
 .text.USB_DisableGlobalInt
                0x0800d1f2        0xc Drivers\STM32F7xx_HAL_Driver\stm32f7xx_ll_usb.o
                0x0800d1f2                USB_DisableGlobalInt
 .text.USB_SetCurrentMode
                0x0800d1fe       0x2e Drivers\STM32F7xx_HAL_Driver\stm32f7xx_ll_usb.o
                0x0800d1fe                USB_SetCurrentMode
 .text.USB_FlushTxFifo
                0x0800d22c       0x24 Drivers\STM32F7xx_HAL_Driver\stm32f7xx_ll_usb.o
                0x0800d22c                USB_FlushTxFifo
 .text.USB_FlushRxFifo
                0x0800d250       0x20 Drivers\STM32F7xx_HAL_Driver\stm32f7xx_ll_usb.o
                0x0800d250                USB_FlushRxFifo
 .text.USB_WritePacket
                0x0800d270       0x28 Drivers\STM32F7xx_HAL_Driver\stm32f7xx_ll_usb.o
                0x0800d270                USB_WritePacket
 .text.USB_ReadPacket
                0x0800d298       0x1c Drivers\STM32F7xx_HAL_Driver\stm32f7xx_ll_usb.o
                0x0800d298                USB_ReadPacket
 .text.USB_ReadInterrupts
                0x0800d2b4        0x8 Drivers\STM32F7xx_HAL_Driver\stm32f7xx_ll_usb.o
                0x0800d2b4                USB_ReadInterrupts
 .text.USB_GetMode
                0x0800d2bc        0x8 Drivers\STM32F7xx_HAL_Driver\stm32f7xx_ll_usb.o
                0x0800d2bc                USB_GetMode
 .text.USB_InitFSLSPClkSel
                0x0800d2c4       0x3a Drivers\STM32F7xx_HAL_Driver\stm32f7xx_ll_usb.o
                0x0800d2c4                USB_InitFSLSPClkSel
 .text.USB_ResetPort
                0x0800d2fe       0x3c Drivers\STM32F7xx_HAL_Driver\stm32f7xx_ll_usb.o
                0x0800d2fe                USB_ResetPort
 .text.USB_DriveVbus
                0x0800d33a       0x40 Drivers\STM32F7xx_HAL_Driver\stm32f7xx_ll_usb.o
                0x0800d33a                USB_DriveVbus
 *fill*         0x0800d37a        0x2 
 .text.USB_HostInit
                0x0800d37c       0xd0 Drivers\STM32F7xx_HAL_Driver\stm32f7xx_ll_usb.o
                0x0800d37c                USB_HostInit
 .text.USB_GetHostSpeed
                0x0800d44c       0x16 Drivers\STM32F7xx_HAL_Driver\stm32f7xx_ll_usb.o
                0x0800d44c                USB_GetHostSpeed
 .text.USB_GetCurrentFrame
                0x0800d462        0xa Drivers\STM32F7xx_HAL_Driver\stm32f7xx_ll_usb.o
                0x0800d462                USB_GetCurrentFrame
 .text.USB_HC_Init
                0x0800d46c      0x112 Drivers\STM32F7xx_HAL_Driver\stm32f7xx_ll_usb.o
                0x0800d46c                USB_HC_Init
 .text.USB_HC_ReadInterrupt
                0x0800d57e        0xa Drivers\STM32F7xx_HAL_Driver\stm32f7xx_ll_usb.o
                0x0800d57e                USB_HC_ReadInterrupt
 .text.USB_HC_Halt
                0x0800d588       0xa4 Drivers\STM32F7xx_HAL_Driver\stm32f7xx_ll_usb.o
                0x0800d588                USB_HC_Halt
 .text.USB_DoPing
                0x0800d62c       0x24 Drivers\STM32F7xx_HAL_Driver\stm32f7xx_ll_usb.o
                0x0800d62c                USB_DoPing
 .text.USB_HC_StartXfer
                0x0800d650      0x164 Drivers\STM32F7xx_HAL_Driver\stm32f7xx_ll_usb.o
                0x0800d650                USB_HC_StartXfer
 .text.USB_StopHost
                0x0800d7b4       0x6c Drivers\STM32F7xx_HAL_Driver\stm32f7xx_ll_usb.o
                0x0800d7b4                USB_StopHost
 .text.FATFS_LinkDriverEx
                0x0800d820       0x44 Middlewares\FatFs\ff_gen_drv.o
                0x0800d820                FATFS_LinkDriverEx
 .text.FATFS_LinkDriver
                0x0800d864        0x6 Middlewares\FatFs\ff_gen_drv.o
                0x0800d864                FATFS_LinkDriver
 .text.osKernelStart
                0x0800d86a        0xa Middlewares\FreeRTOS\cmsis_os.o
                0x0800d86a                osKernelStart
 .text.osKernelRunning
                0x0800d874       0x10 Middlewares\FreeRTOS\cmsis_os.o
                0x0800d874                osKernelRunning
 .text.osKernelSysTick
                0x0800d884        0xe Middlewares\FreeRTOS\cmsis_os.o
                0x0800d884                osKernelSysTick
 .text.osThreadCreate
                0x0800d892       0x30 Middlewares\FreeRTOS\cmsis_os.o
                0x0800d892                osThreadCreate
 .text.osThreadGetId
                0x0800d8c2        0x4 Middlewares\FreeRTOS\cmsis_os.o
                0x0800d8c2                osThreadGetId
 .text.osDelay  0x0800d8c6       0x10 Middlewares\FreeRTOS\cmsis_os.o
                0x0800d8c6                osDelay
 .text.osMutexCreate
                0x0800d8d6        0x6 Middlewares\FreeRTOS\cmsis_os.o
                0x0800d8d6                osMutexCreate
 .text.osMutexWait
                0x0800d8dc       0x4c Middlewares\FreeRTOS\cmsis_os.o
                0x0800d8dc                osMutexWait
 .text.osSemaphoreCreate
                0x0800d928       0x2a Middlewares\FreeRTOS\cmsis_os.o
                0x0800d928                osSemaphoreCreate
 *fill*         0x0800d952        0x2 
 .text.osSemaphoreRelease
                0x0800d954       0x48 Middlewares\FreeRTOS\cmsis_os.o
                0x0800d954                osSemaphoreRelease
 .text.osMutexRelease
                0x0800d99c        0x4 Middlewares\FreeRTOS\cmsis_os.o
                0x0800d99c                osMutexRelease
 .text.osMessageCreate
                0x0800d9a0        0x8 Middlewares\FreeRTOS\cmsis_os.o
                0x0800d9a0                osMessageCreate
 .text.osMessagePut
                0x0800d9a8       0x50 Middlewares\FreeRTOS\cmsis_os.o
                0x0800d9a8                osMessagePut
 .text.osMessageGet
                0x0800d9f8       0x74 Middlewares\FreeRTOS\cmsis_os.o
                0x0800d9f8                osMessageGet
 .text.unlikely.prvInsertBlockIntoFreeList
                0x0800da6c       0x48 Middlewares\FreeRTOS\heap_4.o
 .text.pvPortMalloc
                0x0800dab4      0x128 Middlewares\FreeRTOS\heap_4.o
                0x0800dab4                pvPortMalloc
 .text.vPortFree
                0x0800dbdc       0x78 Middlewares\FreeRTOS\heap_4.o
                0x0800dbdc                vPortFree
 .text.vListInitialise
                0x0800dc54       0x16 Middlewares\FreeRTOS\list.o
                0x0800dc54                vListInitialise
 .text.vListInitialiseItem
                0x0800dc6a        0x6 Middlewares\FreeRTOS\list.o
                0x0800dc6a                vListInitialiseItem
 .text.vListInsertEnd
                0x0800dc70       0x18 Middlewares\FreeRTOS\list.o
                0x0800dc70                vListInsertEnd
 .text.vListInsert
                0x0800dc88       0x2e Middlewares\FreeRTOS\list.o
                0x0800dc88                vListInsert
 .text.uxListRemove
                0x0800dcb6       0x22 Middlewares\FreeRTOS\list.o
                0x0800dcb6                uxListRemove
 .text.prvTaskExitError
                0x0800dcd8       0x48 Middlewares\FreeRTOS\port.o
 .text.unlikely.prvPortStartFirstTask
                0x0800dd20       0x28 Middlewares\FreeRTOS\port.o
 .text.unlikely.vPortEnableVFP
                0x0800dd48       0x14 Middlewares\FreeRTOS\port.o
 .text.pxPortInitialiseStack
                0x0800dd5c       0x24 Middlewares\FreeRTOS\port.o
                0x0800dd5c                pxPortInitialiseStack
 .text.SVC_Handler
                0x0800dd80       0x24 Middlewares\FreeRTOS\port.o
                0x0800dd80                SVC_Handler
 .text.vPortEnterCritical
                0x0800dda4       0x4c Middlewares\FreeRTOS\port.o
                0x0800dda4                vPortEnterCritical
 .text.vPortExitCritical
                0x0800ddf0       0x2c Middlewares\FreeRTOS\port.o
                0x0800ddf0                vPortExitCritical
 *fill*         0x0800de1c        0x4 
 .text.PendSV_Handler
                0x0800de20       0x64 Middlewares\FreeRTOS\port.o
                0x0800de20                PendSV_Handler
 .text.SysTick_Handler
                0x0800de84       0x30 Middlewares\FreeRTOS\port.o
                0x0800de84                SysTick_Handler
 .text.vPortSetupTimerInterrupt
                0x0800deb4       0x34 Middlewares\FreeRTOS\port.o
                0x0800deb4                vPortSetupTimerInterrupt
 .text.xPortStartScheduler
                0x0800dee8       0xcc Middlewares\FreeRTOS\port.o
                0x0800dee8                xPortStartScheduler
 .text.vPortValidateInterruptPriority
                0x0800dfb4       0x64 Middlewares\FreeRTOS\port.o
                0x0800dfb4                vPortValidateInterruptPriority
 .text.prvIsQueueEmpty
                0x0800e018       0x16 Middlewares\FreeRTOS\queue.o
 .text.unlikely.prvCopyDataToQueue
                0x0800e02e       0x66 Middlewares\FreeRTOS\queue.o
 .text.unlikely.prvCopyDataFromQueue
                0x0800e094       0x2a Middlewares\FreeRTOS\queue.o
 .text.prvUnlockQueue
                0x0800e0be       0x70 Middlewares\FreeRTOS\queue.o
 *fill*         0x0800e12e        0x2 
 .text.xQueueGenericReset
                0x0800e130       0x84 Middlewares\FreeRTOS\queue.o
                0x0800e130                xQueueGenericReset
 .text.xQueueGenericCreate
                0x0800e1b4       0x46 Middlewares\FreeRTOS\queue.o
                0x0800e1b4                xQueueGenericCreate
 .text.xQueueCreateCountingSemaphore
                0x0800e1fa       0x44 Middlewares\FreeRTOS\queue.o
                0x0800e1fa                xQueueCreateCountingSemaphore
 *fill*         0x0800e23e        0x2 
 .text.xQueueGenericSend
                0x0800e240      0x17c Middlewares\FreeRTOS\queue.o
                0x0800e240                xQueueGenericSend
 .text.xQueueCreateMutex
                0x0800e3bc       0x24 Middlewares\FreeRTOS\queue.o
                0x0800e3bc                xQueueCreateMutex
 .text.xQueueGenericSendFromISR
                0x0800e3e0       0xd4 Middlewares\FreeRTOS\queue.o
                0x0800e3e0                xQueueGenericSendFromISR
 .text.xQueueGiveFromISR
                0x0800e4b4       0xba Middlewares\FreeRTOS\queue.o
                0x0800e4b4                xQueueGiveFromISR
 *fill*         0x0800e56e        0x2 
 .text.xQueueReceive
                0x0800e570      0x154 Middlewares\FreeRTOS\queue.o
                0x0800e570                xQueueReceive
 .text.xQueueSemaphoreTake
                0x0800e6c4      0x190 Middlewares\FreeRTOS\queue.o
                0x0800e6c4                xQueueSemaphoreTake
 .text.xQueueReceiveFromISR
                0x0800e854       0xac Middlewares\FreeRTOS\queue.o
                0x0800e854                xQueueReceiveFromISR
 .text.prvResetNextTaskUnblockTime
                0x0800e900       0x24 Middlewares\FreeRTOS\tasks.o
 .text.prvAddCurrentTaskToDelayedList
                0x0800e924       0x8c Middlewares\FreeRTOS\tasks.o
 .text.prvIdleTask
                0x0800e9b0       0x70 Middlewares\FreeRTOS\tasks.o
 .text.xTaskCreate
                0x0800ea20      0x1b0 Middlewares\FreeRTOS\tasks.o
                0x0800ea20                xTaskCreate
 .text.vTaskStartScheduler
                0x0800ebd0       0x80 Middlewares\FreeRTOS\tasks.o
                0x0800ebd0                vTaskStartScheduler
 .text.vTaskSuspendAll
                0x0800ec50       0x10 Middlewares\FreeRTOS\tasks.o
                0x0800ec50                vTaskSuspendAll
 .text.xTaskGetTickCount
                0x0800ec60        0xc Middlewares\FreeRTOS\tasks.o
                0x0800ec60                xTaskGetTickCount
 .text.xTaskGetTickCountFromISR
                0x0800ec6c       0x10 Middlewares\FreeRTOS\tasks.o
                0x0800ec6c                xTaskGetTickCountFromISR
 .text.xTaskIncrementTick
                0x0800ec7c      0x128 Middlewares\FreeRTOS\tasks.o
                0x0800ec7c                xTaskIncrementTick
 .text.xTaskResumeAll
                0x0800eda4       0xf4 Middlewares\FreeRTOS\tasks.o
                0x0800eda4                xTaskResumeAll
 .text.vTaskDelay
                0x0800ee98       0x4c Middlewares\FreeRTOS\tasks.o
                0x0800ee98                vTaskDelay
 .text.vTaskSwitchContext
                0x0800eee4       0xa8 Middlewares\FreeRTOS\tasks.o
                0x0800eee4                vTaskSwitchContext
 .text.vTaskPlaceOnEventList
                0x0800ef8c       0x38 Middlewares\FreeRTOS\tasks.o
                0x0800ef8c                vTaskPlaceOnEventList
 .text.xTaskRemoveFromEventList
                0x0800efc4       0x88 Middlewares\FreeRTOS\tasks.o
                0x0800efc4                xTaskRemoveFromEventList
 .text.vTaskInternalSetTimeOutState
                0x0800f04c       0x18 Middlewares\FreeRTOS\tasks.o
                0x0800f04c                vTaskInternalSetTimeOutState
 .text.xTaskCheckForTimeOut
                0x0800f064       0x80 Middlewares\FreeRTOS\tasks.o
                0x0800f064                xTaskCheckForTimeOut
 .text.vTaskMissedYield
                0x0800f0e4        0xc Middlewares\FreeRTOS\tasks.o
                0x0800f0e4                vTaskMissedYield
 .text.xTaskGetCurrentTaskHandle
                0x0800f0f0        0xc Middlewares\FreeRTOS\tasks.o
                0x0800f0f0                xTaskGetCurrentTaskHandle
 .text.xTaskGetSchedulerState
                0x0800f0fc       0x20 Middlewares\FreeRTOS\tasks.o
                0x0800f0fc                xTaskGetSchedulerState
 .text.xTaskPriorityInherit
                0x0800f11c       0xa8 Middlewares\FreeRTOS\tasks.o
                0x0800f11c                xTaskPriorityInherit
 .text.xTaskPriorityDisinherit
                0x0800f1c4       0xa8 Middlewares\FreeRTOS\tasks.o
                0x0800f1c4                xTaskPriorityDisinherit
 .text.vTaskPriorityDisinheritAfterTimeout
                0x0800f26c       0xb8 Middlewares\FreeRTOS\tasks.o
                0x0800f26c                vTaskPriorityDisinheritAfterTimeout
 .text.pvTaskIncrementMutexHeldCount
                0x0800f324       0x18 Middlewares\FreeRTOS\tasks.o
                0x0800f324                pvTaskIncrementMutexHeldCount
 .text.GUI_X_GetTime
                0x0800f33c        0x4 Middlewares\STemWin\GUI_X_OS.o
                0x0800f33c                GUI_X_GetTime
 .text.GUI_X_Delay
                0x0800f340        0x4 Middlewares\STemWin\GUI_X_OS.o
                0x0800f340                GUI_X_Delay
 .text.GUI_X_Init
                0x0800f344        0x2 Middlewares\STemWin\GUI_X_OS.o
                0x0800f344                GUI_X_Init