STemwin_wrapper.c:199:13:TransferComplete	0	static
STemwin_wrapper.c:536:12:GetBufferSize	0	static
STemwin_wrapper.c:146:13:_DMA_ExecOperation	0	static
STemwin_wrapper.c:343:13:_DMA_ConvertColor	24	static
STemwin_wrapper.c:659:13:_DMA_DrawAlphaBitmap	32	static
STemwin_wrapper.c:703:13:_LCD_DrawMemdevAlpha	40	static
STemwin_wrapper.c:161:12:GetPixelformat	0	static
STemwin_wrapper.c:231:13:DMA2D_CopyBuffer	32	static
STemwin_wrapper.c:548:13:LCD_LL_CopyBuffer	40	static
STemwin_wrapper.c:570:13:LCD_LL_CopyRect	32	static
STemwin_wrapper.c:722:6:LCD_LL_DrawBitmap16bpp	40	static
STemwin_wrapper.c:734:13:LCD_LL_DrawBitmap32bpp	32	static
STemwin_wrapper.c:686:13:_LCD_DrawBitmapAlpha	48	static
STemwin_wrapper.c:757:13:LCD_LL_DrawBitmap8bpp	48	static
STemwin_wrapper.c:491:13:_DMA_Index2ColorBulk.isra.2	24	static
STemwin_wrapper.c:137:1:_Index2ColorBulk_M888_DMA2D	0	static
STemwin_wrapper.c:140:1:_Index2ColorBulk_M4444I_DMA2D	0	static
STemwin_wrapper.c:138:1:_Index2ColorBulk_M565_DMA2D	0	static
STemwin_wrapper.c:139:1:_Index2ColorBulk_M1555I_DMA2D	0	static
STemwin_wrapper.c:516:13:_DMA_Color2IndexBulk.isra.3	32	static
STemwin_wrapper.c:137:1:_Color2IndexBulk_M888_DMA2D	0	static
STemwin_wrapper.c:140:1:_Color2IndexBulk_M4444I_DMA2D	0	static
STemwin_wrapper.c:138:1:_Color2IndexBulk_M565_DMA2D	0	static
STemwin_wrapper.c:139:1:_Color2IndexBulk_M1555I_DMA2D	0	static
STemwin_wrapper.c:590:13:LCD_LL_FillRect	32	static
STemwin_wrapper.c:136:1:_Index2ColorBulk_M8888I_DMA2D	0	static
STemwin_wrapper.c:136:1:_Color2IndexBulk_M8888I_DMA2D	0	static
STemwin_wrapper.c:209:6:DMA2D_Init	8	static
STemwin_wrapper.c:777:6:HAL_LTDC_LineEventCallback	24	static
STemwin_wrapper.c:817:6:LCD_X_Config	24	static
STemwin_wrapper.c:907:5:LCD_X_DisplayDriver	24	static
STemwin_wrapper.c:994:6:GRAPHICS_HW_Init	8	static
STemwin_wrapper.c:1004:6:GRAPHICS_Init	0	static
